Archive member included to satisfy reference by file (symbol)

/usr/lib/gcc/arm-none-eabi/13.2.1/thumb/v6-m/nofp/libgcc.a(_dvmd_tls.o)
                              CMakeFiles/hda.dir/home/asus/pico-sdk/src/rp2_common/pico_divider/divider_hardware.S.o (__aeabi_idiv0)
/usr/lib/gcc/arm-none-eabi/13.2.1/../../../arm-none-eabi/lib/thumb/v6-m/nofp/libg.a(libc_a-calloc.o)
                              CMakeFiles/hda.dir/home/asus/pico-sdk/src/rp2_common/pico_malloc/malloc.c.o (calloc)
/usr/lib/gcc/arm-none-eabi/13.2.1/../../../arm-none-eabi/lib/thumb/v6-m/nofp/libg.a(libc_a-impure.o)
                              /usr/lib/gcc/arm-none-eabi/13.2.1/../../../arm-none-eabi/lib/thumb/v6-m/nofp/libg.a(libc_a-calloc.o) (_impure_ptr)
/usr/lib/gcc/arm-none-eabi/13.2.1/../../../arm-none-eabi/lib/thumb/v6-m/nofp/libg.a(libc_a-callocr.o)
                              /usr/lib/gcc/arm-none-eabi/13.2.1/../../../arm-none-eabi/lib/thumb/v6-m/nofp/libg.a(libc_a-calloc.o) (_calloc_r)
/usr/lib/gcc/arm-none-eabi/13.2.1/../../../arm-none-eabi/lib/thumb/v6-m/nofp/libg.a(libc_a-realloc.o)
                              CMakeFiles/hda.dir/home/asus/pico-sdk/src/rp2_common/pico_malloc/malloc.c.o (realloc)
/usr/lib/gcc/arm-none-eabi/13.2.1/../../../arm-none-eabi/lib/thumb/v6-m/nofp/libg.a(libc_a-mallocr.o)
                              /usr/lib/gcc/arm-none-eabi/13.2.1/../../../arm-none-eabi/lib/thumb/v6-m/nofp/libg.a(libc_a-callocr.o) (_malloc_r)
/usr/lib/gcc/arm-none-eabi/13.2.1/../../../arm-none-eabi/lib/thumb/v6-m/nofp/libg.a(libc_a-freer.o)
                              /usr/lib/gcc/arm-none-eabi/13.2.1/../../../arm-none-eabi/lib/thumb/v6-m/nofp/libg.a(libc_a-mallocr.o) (_free_r)
/usr/lib/gcc/arm-none-eabi/13.2.1/../../../arm-none-eabi/lib/thumb/v6-m/nofp/libg.a(libc_a-memcmp.o)
                              CMakeFiles/hda.dir/home/asus/pico-sdk/src/rp2_common/pico_atomic/atomic.c.o (memcmp)
/usr/lib/gcc/arm-none-eabi/13.2.1/../../../arm-none-eabi/lib/thumb/v6-m/nofp/libg.a(libc_a-malloc.o)
                              CMakeFiles/hda.dir/home/asus/pico-sdk/src/rp2_common/pico_malloc/malloc.c.o (malloc)
/usr/lib/gcc/arm-none-eabi/13.2.1/../../../arm-none-eabi/lib/thumb/v6-m/nofp/libg.a(libc_a-sysconf.o)
                              /usr/lib/gcc/arm-none-eabi/13.2.1/../../../arm-none-eabi/lib/thumb/v6-m/nofp/libg.a(libc_a-mallocr.o) (sysconf)
/usr/lib/gcc/arm-none-eabi/13.2.1/../../../arm-none-eabi/lib/thumb/v6-m/nofp/libg.a(libc_a-init.o)
                              /usr/lib/gcc/arm-none-eabi/13.2.1/../../../arm-none-eabi/lib/thumb/v6-m/nofp/crt0.o (__libc_init_array)
/usr/lib/gcc/arm-none-eabi/13.2.1/../../../arm-none-eabi/lib/thumb/v6-m/nofp/libg.a(libc_a-reallocr.o)
                              /usr/lib/gcc/arm-none-eabi/13.2.1/../../../arm-none-eabi/lib/thumb/v6-m/nofp/libg.a(libc_a-realloc.o) (_realloc_r)
/usr/lib/gcc/arm-none-eabi/13.2.1/../../../arm-none-eabi/lib/thumb/v6-m/nofp/libg.a(libc_a-mktime.o)
                              CMakeFiles/hda.dir/home/asus/pico-sdk/src/common/pico_util/datetime.c.o (mktime)
/usr/lib/gcc/arm-none-eabi/13.2.1/../../../arm-none-eabi/lib/thumb/v6-m/nofp/libg.a(libc_a-mlock.o)
                              /usr/lib/gcc/arm-none-eabi/13.2.1/../../../arm-none-eabi/lib/thumb/v6-m/nofp/libg.a(libc_a-mallocr.o) (__malloc_lock)
/usr/lib/gcc/arm-none-eabi/13.2.1/../../../arm-none-eabi/lib/thumb/v6-m/nofp/libg.a(libc_a-findfp.o)
                              /usr/lib/gcc/arm-none-eabi/13.2.1/../../../arm-none-eabi/lib/thumb/v6-m/nofp/libg.a(libc_a-impure.o) (__sf)
/usr/lib/gcc/arm-none-eabi/13.2.1/../../../arm-none-eabi/lib/thumb/v6-m/nofp/libg.a(libc_a-tzlock.o)
                              /usr/lib/gcc/arm-none-eabi/13.2.1/../../../arm-none-eabi/lib/thumb/v6-m/nofp/libg.a(libc_a-mktime.o) (__tz_lock)
/usr/lib/gcc/arm-none-eabi/13.2.1/../../../arm-none-eabi/lib/thumb/v6-m/nofp/libg.a(libc_a-atexit.o)
                              /usr/lib/gcc/arm-none-eabi/13.2.1/../../../arm-none-eabi/lib/thumb/v6-m/nofp/crt0.o (atexit)
/usr/lib/gcc/arm-none-eabi/13.2.1/../../../arm-none-eabi/lib/thumb/v6-m/nofp/libg.a(libc_a-lcltime_r.o)
                              CMakeFiles/hda.dir/home/asus/pico-sdk/src/common/pico_util/datetime.c.o (localtime_r)
/usr/lib/gcc/arm-none-eabi/13.2.1/../../../arm-none-eabi/lib/thumb/v6-m/nofp/libg.a(libc_a-strlen-stub.o)
                              CMakeFiles/hda.dir/home/asus/pico-sdk/src/rp2_common/pico_stdio/stdio.c.o (strlen)
/usr/lib/gcc/arm-none-eabi/13.2.1/../../../arm-none-eabi/lib/thumb/v6-m/nofp/libg.a(libc_a-sbrkr.o)
                              /usr/lib/gcc/arm-none-eabi/13.2.1/../../../arm-none-eabi/lib/thumb/v6-m/nofp/libg.a(libc_a-mallocr.o) (_sbrk_r)
/usr/lib/gcc/arm-none-eabi/13.2.1/../../../arm-none-eabi/lib/thumb/v6-m/nofp/libg.a(libc_a-fini.o)
                              /usr/lib/gcc/arm-none-eabi/13.2.1/../../../arm-none-eabi/lib/thumb/v6-m/nofp/crt0.o (__libc_fini_array)
[...]
Memory Configuration

Name             Origin             Length             Attributes
FLASH            0x10000000         0x00200000         xr
RAM              0x20000000         0x00040000         xrw
SCRATCH_X        0x20040000         0x00001000         xrw
SCRATCH_Y        0x20041000         0x00001000         xrw
*default*        0x00000000         0xffffffff

Linker script and memory map

LOAD /usr/lib/gcc/arm-none-eabi/13.2.1/thumb/v6-m/nofp/crti.o
LOAD /usr/lib/gcc/arm-none-eabi/13.2.1/thumb/v6-m/nofp/crtbegin.o
LOAD /usr/lib/gcc/arm-none-eabi/13.2.1/../../../arm-none-eabi/lib/thumb/v6-m/nofp/crt0.o

.flash_begin    0x10000000        0x0
                0x10000000                        __flash_binary_start = .

.boot2          0x10000000      0x100
                0x10000000                        __boot2_start__ = .
 *(.boot2)
 .boot2         0x10000000      0x100 pico-sdk/src/rp2040/boot_stage2/CMakeFiles/bs2_default_library.dir/bs2_default_padded_checksummed.S.o
                0x10000100                        __boot2_end__ = .
                0x00000001                        ASSERT (((__boot2_end__ - __boot2_start__) == 0x100), ERROR: Pico second stage bootloader must be 256 bytes in size)

.text           0x10000100     0x1d9c
                0x10000100                        __logical_binary_start = .
 *(.vectors)
 .vectors       0x10000100       0xd4 CMakeFiles/hda.dir/home/asus/pico-sdk/src/rp2_common/pico_crt0/crt0.S.o
                0x10000100                __vectors
                0x10000100                __VECTOR_TABLE
                0x100001c0                isr_irq30
                0x100001c0                __unhandled_user_irq
                0x100001c0                isr_irq13
                0x100001c0                isr_irq27
                0x100001c0                isr_irq31
                0x100001c0                isr_irq5
                0x100001c0                isr_irq11
                0x100001c0                isr_irq23
                0x100001c0                isr_irq18
                0x100001c0                isr_irq28
                0x100001c0                isr_irq19
                0x100001c0                isr_irq0
                0x100001c0                isr_irq6
                0x100001c0                isr_irq22
                0x100001c0                isr_irq17
                0x100001c0                isr_irq14
                0x100001c0                __vectors_end
                0x100001c0                __default_isrs_start
                0x100001c0                isr_irq2
                0x100001c0                isr_irq10
                0x100001c0                isr_irq8
                0x100001c0                isr_irq24
                0x100001c0                isr_irq1
                0x100001c0                isr_irq7
                0x100001c0                isr_irq21
                0x100001c0                isr_irq20
                0x100001c0                isr_irq15
                0x100001c0                isr_irq25
                0x100001c0                isr_irq4
                0x100001c0                isr_irq16
                0x100001c0                isr_irq29
                0x100001c0                isr_irq26
                0x100001c0                isr_irq3
                0x100001c0                isr_irq12
                0x100001c0                isr_irq9
                0x100001c6                unhandled_user_irq_num_in_r0
                0x100001c8                isr_invalid
                0x100001ca                isr_nmi
                0x100001cc                isr_hardfault
                0x100001ce                isr_svcall
                0x100001d0                isr_pendsv
                0x100001d2                isr_systick
                0x100001d4                __default_isrs_end
 *(.binary_info_header)
 .binary_info_header
                0x100001d4       0x14 CMakeFiles/hda.dir/home/asus/pico-sdk/src/rp2_common/pico_crt0/crt0.S.o
                0x100001e8                        __binary_info_header_end = .
 *(.embedded_block)
                0x100001e8                        __embedded_block_end = .
 *(.reset)
 .reset         0x100001e8       0x9c CMakeFiles/hda.dir/home/asus/pico-sdk/src/rp2_common/pico_crt0/crt0.S.o
                0x100001e8                _entry_point
 *(.init)
 .init          0x10000284        0x4 /usr/lib/gcc/arm-none-eabi/13.2.1/thumb/v6-m/nofp/crti.o
                0x10000284                _init
 *(EXCLUDE_FILE(*libm.a: *libc.a:*lib_a-mem*.o *libgcc.a:) .text*)
 .text          0x10000288       0x98 /usr/lib/gcc/arm-none-eabi/13.2.1/thumb/v6-m/nofp/crtbegin.o
 .text.startup.main
                0x10000320      0x104 CMakeFiles/hda.dir/main.c.o
                0x10000320                main
 .text.gpio_set_function
                0x10000424       0x34 CMakeFiles/hda.dir/home/asus/pico-sdk/src/rp2_common/hardware_gpio/gpio.c.o
                0x10000424                gpio_set_function
 .text.panic    0x10000458       0x30 CMakeFiles/hda.dir/home/asus/pico-sdk/src/rp2_common/pico_platform_panic/panic.c.o
                0x10000458                panic
 .text.hw_claim_lock
                0x10000488       0x18 CMakeFiles/hda.dir/home/asus/pico-sdk/src/common/hardware_claim/claim.c.o
                0x10000488                hw_claim_lock
 .text.hw_claim_unlock
                0x100004a0       0x14 CMakeFiles/hda.dir/home/asus/pico-sdk/src/common/hardware_claim/claim.c.o
                0x100004a0                hw_claim_unlock
 .text.hw_claim_or_assert
                0x100004b4       0x44 CMakeFiles/hda.dir/home/asus/pico-sdk/src/common/hardware_claim/claim.c.o
                0x100004b4                hw_claim_or_assert
 .text.next_striped_spin_lock_num
                0x100004f8       0x18 CMakeFiles/hda.dir/home/asus/pico-sdk/src/rp2_common/hardware_sync/sync.c.o
                0x100004f8                next_striped_spin_lock_num
 .text.spin_locks_reset
                0x10000510       0x1c CMakeFiles/hda.dir/home/asus/pico-sdk/src/rp2_common/hardware_sync_spin_lock/sync_spin_lock.c.o
                0x10000510                spin_locks_reset
 .text.runtime_init_per_core_irq_priorities
                0x1000052c       0x24 CMakeFiles/hda.dir/home/asus/pico-sdk/src/rp2_common/hardware_irq/irq.c.o
                0x1000052c                runtime_init_per_core_irq_priorities
 .text.irq_set_enabled
                0x10000550       0x24 CMakeFiles/hda.dir/home/asus/pico-sdk/src/rp2_common/hardware_irq/irq.c.o
                0x10000550                irq_set_enabled
 .text.irq_set_exclusive_handler
                0x10000574       0x54 CMakeFiles/hda.dir/home/asus/pico-sdk/src/rp2_common/hardware_irq/irq.c.o
                0x10000574                irq_set_exclusive_handler
 .text.lock_init
                0x100005c8       0x10 CMakeFiles/hda.dir/home/asus/pico-sdk/src/common/pico_sync/lock_core.c.o
                0x100005c8                lock_init
 .text.runtime_init_mutex
                0x100005d8       0x50 CMakeFiles/hda.dir/home/asus/pico-sdk/src/common/pico_sync/mutex.c.o
                0x100005d8                runtime_init_mutex
 .text.sleep_until_callback
                0x10000628       0x30 CMakeFiles/hda.dir/home/asus/pico-sdk/src/common/pico_time/time.c.o
 .text.alarm_pool_irq_handler
                0x10000658      0x2fc CMakeFiles/hda.dir/home/asus/pico-sdk/src/common/pico_time/time.c.o
 .text.runtime_init_default_alarm_pool
                0x10000954       0xdc CMakeFiles/hda.dir/home/asus/pico-sdk/src/common/pico_time/time.c.o
                0x10000954                runtime_init_default_alarm_pool
 .text.alarm_pool_add_alarm_at_force_in_context
                0x10000a30       0xb0 CMakeFiles/hda.dir/home/asus/pico-sdk/src/common/pico_time/time.c.o
                0x10000a30                alarm_pool_add_alarm_at_force_in_context
 .text.alarm_pool_cancel_alarm
                0x10000ae0       0x74 CMakeFiles/hda.dir/home/asus/pico-sdk/src/common/pico_time/time.c.o
                0x10000ae0                alarm_pool_cancel_alarm
 .text.best_effort_wfe_or_timeout
                0x10000b54       0xf8 CMakeFiles/hda.dir/home/asus/pico-sdk/src/common/pico_time/time.c.o
                0x10000b54                best_effort_wfe_or_timeout
 .text.timer_hardware_alarm_claim
                0x10000c4c       0x14 CMakeFiles/hda.dir/home/asus/pico-sdk/src/rp2_common/hardware_timer/timer.c.o
                0x10000c4c                timer_hardware_alarm_claim
 .text.timer_time_us_64
                0x10000c60       0x10 CMakeFiles/hda.dir/home/asus/pico-sdk/src/rp2_common/hardware_timer/timer.c.o
                0x10000c60                timer_time_us_64
 .text.time_us_64
                0x10000c70       0x14 CMakeFiles/hda.dir/home/asus/pico-sdk/src/rp2_common/hardware_timer/timer.c.o
                0x10000c70                time_us_64
 .text.clock_configure_int_divider
                0x10000c84       0xf4 CMakeFiles/hda.dir/home/asus/pico-sdk/src/rp2_common/hardware_clocks/clocks.c.o
                0x10000c84                clock_configure_int_divider
 .text.clock_configure_undivided
                0x10000d78       0xe8 CMakeFiles/hda.dir/home/asus/pico-sdk/src/rp2_common/hardware_clocks/clocks.c.o
                0x10000d78                clock_configure_undivided
 .text.clock_get_hz
                0x10000e60        0xc CMakeFiles/hda.dir/home/asus/pico-sdk/src/rp2_common/hardware_clocks/clocks.c.o
                0x10000e60                clock_get_hz
 .text.set_sys_clock_pll
                0x10000e6c      0x1b8 CMakeFiles/hda.dir/home/asus/pico-sdk/src/rp2_common/hardware_clocks/clocks.c.o
                0x10000e6c                set_sys_clock_pll
 .text.check_sys_clock_khz
                0x10001024      0x234 CMakeFiles/hda.dir/home/asus/pico-sdk/src/rp2_common/hardware_clocks/clocks.c.o
                0x10001024                check_sys_clock_khz
 .text.pll_init
                0x10001258       0xa4 CMakeFiles/hda.dir/home/asus/pico-sdk/src/rp2_common/hardware_pll/pll.c.o
                0x10001258                pll_init
 .text.tick_start
                0x100012fc       0x10 CMakeFiles/hda.dir/home/asus/pico-sdk/src/rp2_common/hardware_ticks/ticks.c.o
                0x100012fc                tick_start
 .text.rom_func_lookup
                0x1000130c       0x10 CMakeFiles/hda.dir/home/asus/pico-sdk/src/rp2_common/pico_bootrom/bootrom.c.o
                0x1000130c                rom_func_lookup
 .text.rom_data_lookup
                0x1000131c       0x10 CMakeFiles/hda.dir/home/asus/pico-sdk/src/rp2_common/pico_bootrom/bootrom.c.o
                0x1000131c                rom_data_lookup
 .text.rom_funcs_lookup
                0x1000132c       0x44 CMakeFiles/hda.dir/home/asus/pico-sdk/src/rp2_common/pico_bootrom/bootrom.c.o
                0x1000132c                rom_funcs_lookup
 .text.xosc_init
                0x10001370       0x28 CMakeFiles/hda.dir/home/asus/pico-sdk/src/rp2_common/hardware_xosc/xosc.c.o
                0x10001370                xosc_init
 .text.first_per_core_initializer
                0x10001398        0x4 CMakeFiles/hda.dir/home/asus/pico-sdk/src/rp2_common/pico_runtime/runtime.c.o
 .text.hard_assertion_failure
                0x1000139c        0xc CMakeFiles/hda.dir/home/asus/pico-sdk/src/rp2_common/pico_runtime/runtime.c.o
                0x1000139c                hard_assertion_failure
 .text.runtime_run_initializers
                0x100013a8       0x28 CMakeFiles/hda.dir/home/asus/pico-sdk/src/rp2_common/pico_runtime/runtime.c.o
                0x100013a8                runtime_run_initializers
 .text.runtime_init_early_resets
                0x100013d0       0x2c CMakeFiles/hda.dir/home/asus/pico-sdk/src/rp2_common/pico_runtime_init/runtime_init.c.o
                0x100013d0                runtime_init_early_resets
 .text.runtime_init_usb_power_down
                0x100013fc       0x1c CMakeFiles/hda.dir/home/asus/pico-sdk/src/rp2_common/pico_runtime_init/runtime_init.c.o
                0x100013fc                runtime_init_usb_power_down
 .text.runtime_init_post_clock_resets
                0x10001418       0x20 CMakeFiles/hda.dir/home/asus/pico-sdk/src/rp2_common/pico_runtime_init/runtime_init.c.o
                0x10001418                runtime_init_post_clock_resets
 .text.runtime_init_rp2040_gpio_ie_disable
                0x10001438       0x14 CMakeFiles/hda.dir/home/asus/pico-sdk/src/rp2_common/pico_runtime_init/runtime_init.c.o
                0x10001438                runtime_init_rp2040_gpio_ie_disable
 .text.runtime_init_spin_locks_reset
                0x1000144c        0x8 CMakeFiles/hda.dir/home/asus/pico-sdk/src/rp2_common/pico_runtime_init/runtime_init.c.o
                0x1000144c                runtime_init_spin_locks_reset
 .text.runtime_init_install_ram_vector_table
                0x10001454       0xb4 CMakeFiles/hda.dir/home/asus/pico-sdk/src/rp2_common/pico_runtime_init/runtime_init.c.o
                0x10001454                runtime_init_install_ram_vector_table
 .text.runtime_init_clocks
                0x10001508       0xd8 CMakeFiles/hda.dir/home/asus/pico-sdk/src/rp2_common/pico_runtime_init/runtime_init_clocks.c.o
                0x10001508                runtime_init_clocks
 .text          0x100015e0       0x10 CMakeFiles/hda.dir/home/asus/pico-sdk/src/rp2_common/pico_bit_ops/bit_ops_aeabi.S.o
 .text.__wrap___aeabi_uidiv
                0x100015f0       0x4c CMakeFiles/hda.dir/home/asus/pico-sdk/src/rp2_common/pico_divider/divider_hardware.S.o
                0x100015f0                __wrap___aeabi_uidiv
                0x100015f0                __wrap___aeabi_uidivmod
                0x100015f0                div_u32u32
                0x100015f0                divmod_u32u32
                0x100015f8                divmod_u32u32_unsafe
                0x10001620                divmod_u32u32_savestate
 .text.__aeabi_double_init
                0x1000163c       0xa4 CMakeFiles/hda.dir/home/asus/pico-sdk/src/rp2_common/pico_double/double_init_rom_rp2040.c.o
                0x1000163c                __aeabi_double_init
 .text.double_table_shim_on_use_helper
                0x100016e0       0x2c CMakeFiles/hda.dir/home/asus/pico-sdk/src/rp2_common/pico_double/double_v1_rom_shim_rp2040.S.o
                0x100016e0                double_table_shim_on_use_helper
 .text.__aeabi_float_init
                0x1000170c       0x64 CMakeFiles/hda.dir/home/asus/pico-sdk/src/rp2_common/pico_float/float_init_rom_rp2040.c.o
                0x1000170c                __aeabi_float_init
 .text.float_table_shim_on_use_helper
                0x10001770       0x2c CMakeFiles/hda.dir/home/asus/pico-sdk/src/rp2_common/pico_float/float_v1_rom_shim_rp2040.S.o
                0x10001770                float_table_shim_on_use_helper
 .text          0x1000179c       0x10 CMakeFiles/hda.dir/home/asus/pico-sdk/src/rp2_common/pico_mem_ops/mem_ops_aeabi.S.o
                0x1000179c                __aeabi_mem_init
 .text.memcpy   0x100017ac        0xc CMakeFiles/hda.dir/home/asus/pico-sdk/src/rp2_common/pico_mem_ops/mem_ops_aeabi.S.o
                0x100017ac                __wrap___aeabi_memcpy
                0x100017ac                __wrap_memcpy
 .text._out_char
                0x100017b8       0x10 CMakeFiles/hda.dir/home/asus/pico-sdk/src/rp2_common/pico_printf/printf.c.o
 .text.weak_raw_vprintf
                0x100017c8       0x30 CMakeFiles/hda.dir/home/asus/pico-sdk/src/rp2_common/pico_printf/printf.c.o
                0x100017c8                weak_raw_vprintf
 .text._exit    0x100017f8        0x4 CMakeFiles/hda.dir/home/asus/pico-sdk/src/rp2_common/pico_clib_interface/newlib_interface.c.o
                0x100017f8                _exit
 .text.exit     0x100017fc        0x8 CMakeFiles/hda.dir/home/asus/pico-sdk/src/rp2_common/pico_clib_interface/newlib_interface.c.o
                0x100017fc                exit
 .text.runtime_init
                0x10001804       0x2c CMakeFiles/hda.dir/home/asus/pico-sdk/src/rp2_common/pico_clib_interface/newlib_interface.c.o
                0x10001804                runtime_init
 .text.stdio_out_chars_no_crlf
                0x10001830       0x10 CMakeFiles/hda.dir/home/asus/pico-sdk/src/rp2_common/pico_stdio/stdio.c.o
 .text.stdio_out_chars_crlf
                0x10001840       0x94 CMakeFiles/hda.dir/home/asus/pico-sdk/src/rp2_common/pico_stdio/stdio.c.o
 .text.stdio_put_string
                0x100018d4      0x100 CMakeFiles/hda.dir/home/asus/pico-sdk/src/rp2_common/pico_stdio/stdio.c.o
                0x100018d4                stdio_put_string
 .text.__wrap_putchar
                0x100019d4       0x98 CMakeFiles/hda.dir/home/asus/pico-sdk/src/rp2_common/pico_stdio/stdio.c.o
                0x100019d4                stdio_putchar
                0x100019d4                __wrap_putchar
 .text.__wrap_puts
                0x10001a6c       0x3c CMakeFiles/hda.dir/home/asus/pico-sdk/src/rp2_common/pico_stdio/stdio.c.o
                0x10001a6c                __wrap_puts
                0x10001a6c                stdio_puts
 .text.pio_add_program
                0x10001aa8      0x104 CMakeFiles/hda.dir/home/asus/pico-sdk/src/rp2_common/hardware_pio/pio.c.o
                0x10001aa8                pio_add_program
 .text.pio_sm_set_consecutive_pindirs
                0x10001bac       0xb4 CMakeFiles/hda.dir/home/asus/pico-sdk/src/rp2_common/hardware_pio/pio.c.o
                0x10001bac                pio_sm_set_consecutive_pindirs
 .text.pio_sm_init
                0x10001c60       0x9c CMakeFiles/hda.dir/home/asus/pico-sdk/src/rp2_common/hardware_pio/pio.c.o
                0x10001c60                pio_sm_init
 .text          0x10001cfc       0x10 /usr/lib/gcc/arm-none-eabi/13.2.1/../../../arm-none-eabi/lib/thumb/v6-m/nofp/libg.a(libc_a-atexit.o)
                0x10001cfc                atexit
 .text          0x10001d0c       0x5c /usr/lib/gcc/arm-none-eabi/13.2.1/../../../arm-none-eabi/lib/thumb/v6-m/nofp/libg.a(libc_a-strlen-stub.o)
                0x10001d0c                strlen
 .text          0x10001d68       0x28 /usr/lib/gcc/arm-none-eabi/13.2.1/../../../arm-none-eabi/lib/thumb/v6-m/nofp/libg.a(libc_a-fini.o)
                0x10001d68                __libc_fini_array
 .text          0x10001d90       0x78 /usr/lib/gcc/arm-none-eabi/13.2.1/../../../arm-none-eabi/lib/thumb/v6-m/nofp/libg.a(libc_a-__atexit.o)
                0x10001d90                __register_exitproc
 .text.startup  0x10001e08       0x18 /usr/lib/gcc/arm-none-eabi/13.2.1/../../../arm-none-eabi/lib/thumb/v6-m/nofp/libg.a(libc_a-__call_atexit.o)
 *(.fini)
 .fini          0x10001e20        0x4 /usr/lib/gcc/arm-none-eabi/13.2.1/thumb/v6-m/nofp/crti.o
                0x10001e20                _fini
 *fill*         0x10001e24        0x4 
 .fini.__stub   0x10001e28       0x30 linker stubs
 *crtbegin.o(.ctors)
 *crtbegin?.o(.ctors)
 *(EXCLUDE_FILE(*crtend.o *crtend?.o) .ctors)
 *(SORT_BY_NAME(.ctors.*))
 *(.ctors)
 *crtbegin.o(.dtors)
 *crtbegin?.o(.dtors)
 *(EXCLUDE_FILE(*crtend.o *crtend?.o) .dtors)
 *(SORT_BY_NAME(.dtors.*))
 *(.dtors)
                0x10001e58                        . = ALIGN (0x4)
                0x10001e58                        PROVIDE (__preinit_array_start = .)
 *(SORT_BY_NAME(.preinit_array.*))
 .preinit_array.00100
                0x10001e58        0x4 CMakeFiles/hda.dir/home/asus/pico-sdk/src/rp2_common/pico_runtime_init/runtime_init.c.o
                0x10001e58                __pre_init_runtime_init_early_resets
 .preinit_array.00101
                0x10001e5c        0x4 CMakeFiles/hda.dir/home/asus/pico-sdk/src/rp2_common/pico_runtime_init/runtime_init.c.o
                0x10001e5c                __pre_init_runtime_init_usb_power_down
 .preinit_array.00275
                0x10001e60        0x4 CMakeFiles/hda.dir/home/asus/pico-sdk/src/rp2_common/pico_bit_ops/bit_ops_aeabi.S.o
 .preinit_array.00300
                0x10001e64        0x4 CMakeFiles/hda.dir/home/asus/pico-sdk/src/rp2_common/pico_mem_ops/mem_ops_aeabi.S.o
 .preinit_array.00350
                0x10001e68        0x4 CMakeFiles/hda.dir/home/asus/pico-sdk/src/rp2_common/pico_double/double_aeabi_rp2040.S.o
 .preinit_array.00350
                0x10001e6c        0x4 CMakeFiles/hda.dir/home/asus/pico-sdk/src/rp2_common/pico_float/float_aeabi_rp2040.S.o
 .preinit_array.00500
                0x10001e70        0x4 CMakeFiles/hda.dir/home/asus/pico-sdk/src/rp2_common/pico_runtime_init/runtime_init.c.o
                0x10001e70                __pre_init_runtime_init_clocks
 .preinit_array.00600
                0x10001e74        0x4 CMakeFiles/hda.dir/home/asus/pico-sdk/src/rp2_common/pico_runtime_init/runtime_init.c.o
                0x10001e74                __pre_init_runtime_init_post_clock_resets
 .preinit_array.00700
                0x10001e78        0x4 CMakeFiles/hda.dir/home/asus/pico-sdk/src/rp2_common/pico_runtime_init/runtime_init.c.o
                0x10001e78                __pre_init_runtime_init_rp2040_gpio_ie_disable
 .preinit_array.01000
                0x10001e7c        0x4 CMakeFiles/hda.dir/home/asus/pico-sdk/src/rp2_common/pico_runtime_init/runtime_init.c.o
                0x10001e7c                __pre_init_runtime_init_spin_locks_reset
 .preinit_array.01100
                0x10001e80        0x4 CMakeFiles/hda.dir/home/asus/pico-sdk/src/common/pico_sync/mutex.c.o
                0x10001e80                __pre_init_runtime_init_mutex
 .preinit_array.10080
                0x10001e84        0x4 CMakeFiles/hda.dir/home/asus/pico-sdk/src/rp2_common/pico_runtime_init/runtime_init.c.o
                0x10001e84                __pre_init_runtime_init_install_ram_vector_table
 .preinit_array.11000
                0x10001e88        0x4 CMakeFiles/hda.dir/home/asus/pico-sdk/src/common/pico_time/time.c.o
                0x10001e88                __pre_init_runtime_init_default_alarm_pool
 .preinit_array.YYYYY
                0x10001e8c        0x4 CMakeFiles/hda.dir/home/asus/pico-sdk/src/rp2_common/pico_runtime/runtime.c.o
                0x10001e8c                __pre_init_first_per_core_initializer
 .preinit_array.ZZZZZ.01200
                0x10001e90        0x4 CMakeFiles/hda.dir/home/asus/pico-sdk/src/rp2_common/hardware_irq/irq.c.o
                0x10001e90                __pre_init_runtime_init_per_core_irq_priorities
 *(.preinit_array)
                0x10001e94                        PROVIDE (__preinit_array_end = .)
                0x10001e94                        . = ALIGN (0x4)
                0x10001e94                        PROVIDE (__init_array_start = .)
 *(SORT_BY_NAME(.init_array.*))
 .init_array.00000
                0x10001e94        0x4 /usr/lib/gcc/arm-none-eabi/13.2.1/../../../arm-none-eabi/lib/thumb/v6-m/nofp/libg.a(libc_a-__call_atexit.o)
 *(.init_array)
 .init_array    0x10001e98        0x4 /usr/lib/gcc/arm-none-eabi/13.2.1/thumb/v6-m/nofp/crtbegin.o
                0x10001e9c                        PROVIDE (__init_array_end = .)
                0x10001e9c                        . = ALIGN (0x4)
                0x10001e9c                        PROVIDE (__fini_array_start = .)
 *(SORT_BY_NAME(.fini_array.*))
 *(.fini_array)
                0x10001e9c                        PROVIDE (__fini_array_end = .)
 *(.eh_frame*)
 .eh_frame      0x10001e9c        0x0 /usr/lib/gcc/arm-none-eabi/13.2.1/thumb/v6-m/nofp/crtbegin.o
                0x10001e9c                        . = ALIGN (0x4)

.glue_7         0x10001e9c        0x0
 .glue_7        0x10001e9c        0x0 linker stubs

.glue_7t        0x10001e9c        0x0
 .glue_7t       0x10001e9c        0x0 linker stubs

.vfp11_veneer   0x10001e9c        0x0
 .vfp11_veneer  0x10001e9c        0x0 linker stubs

.v4_bx          0x10001e9c        0x0
 .v4_bx         0x10001e9c        0x0 linker stubs

.iplt           0x10001e9c        0x0
 .iplt          0x10001e9c        0x0 /usr/lib/gcc/arm-none-eabi/13.2.1/thumb/v6-m/nofp/crtbegin.o

.rodata         0x10001e9c      0x124
 *(EXCLUDE_FILE(*libm.a: *libc.a:*lib_a-mem*.o *libgcc.a:) .rodata*)
 .rodata.main.str1.4
                0x10001e9c       0xb0 CMakeFiles/hda.dir/main.c.o
                                 0x32 (size before relaxing)
 .rodata.hda_clk_program
                0x10001f4c        0x8 CMakeFiles/hda.dir/main.c.o
 .rodata.hda_clk_program_instructions
                0x10001f54       0x14 CMakeFiles/hda.dir/main.c.o
 .rodata.panic.str1.4
                0x10001f68       0x12 CMakeFiles/hda.dir/home/asus/pico-sdk/src/rp2_common/pico_platform_panic/panic.c.o
 .rodata.timer_hardware_alarm_claim.str1.4
                0x10001f68       0x22 CMakeFiles/hda.dir/home/asus/pico-sdk/src/rp2_common/hardware_timer/timer.c.o
 .rodata.hard_assertion_failure.str1.4
                0x10001f68        0xc CMakeFiles/hda.dir/home/asus/pico-sdk/src/rp2_common/pico_runtime/runtime.c.o
 .rodata.str1.4
                0x10001f68       0x38 CMakeFiles/hda.dir/home/asus/pico-sdk/src/rp2_common/pico_standard_binary_info/standard_binary_info.c.o
 .rodata.__bi_84
                0x10001f68        0xc CMakeFiles/hda.dir/home/asus/pico-sdk/src/rp2_common/pico_standard_binary_info/standard_binary_info.c.o
 .rodata.__bi_78
                0x10001f74        0xc CMakeFiles/hda.dir/home/asus/pico-sdk/src/rp2_common/pico_standard_binary_info/standard_binary_info.c.o
 .rodata.__bi_54
                0x10001f80        0xc CMakeFiles/hda.dir/home/asus/pico-sdk/src/rp2_common/pico_standard_binary_info/standard_binary_info.c.o
 .rodata.__bi_48
                0x10001f8c        0xc CMakeFiles/hda.dir/home/asus/pico-sdk/src/rp2_common/pico_standard_binary_info/standard_binary_info.c.o
 .rodata.__bi_42
                0x10001f98        0xc CMakeFiles/hda.dir/home/asus/pico-sdk/src/rp2_common/pico_standard_binary_info/standard_binary_info.c.o
 .rodata.__bi_34
                0x10001fa4        0xc CMakeFiles/hda.dir/home/asus/pico-sdk/src/rp2_common/pico_standard_binary_info/standard_binary_info.c.o
 .rodata.__bi_26
                0x10001fb0        0xc CMakeFiles/hda.dir/home/asus/pico-sdk/src/rp2_common/pico_standard_binary_info/standard_binary_info.c.o
 .rodata.crlf_str.0
                0x10001fbc        0x2 CMakeFiles/hda.dir/home/asus/pico-sdk/src/rp2_common/pico_stdio/stdio.c.o
                0x10001fc0                        . = ALIGN (0x4)
 *fill*         0x10001fbe        0x2 
 *(SORT_BY_ALIGNMENT(SORT_BY_NAME(.flashdata*)))
                0x10001fc0                        . = ALIGN (0x4)

.ARM.extab
 *(.ARM.extab* .gnu.linkonce.armextab.*)
                0x10001fc0                        __exidx_start = .

.ARM.exidx
 *(.ARM.exidx* .gnu.linkonce.armexidx.*)
                0x10001fc0                        __exidx_end = .
                0x10001fc0                        . = ALIGN (0x4)
                0x10001fc0                        __binary_info_start = .

.binary_info    0x10001fc0       0x1c
 *(.binary_info.keep.*)
 .binary_info.keep.__bi_ptr84
                0x10001fc0        0x4 CMakeFiles/hda.dir/home/asus/pico-sdk/src/rp2_common/pico_standard_binary_info/standard_binary_info.c.o
 .binary_info.keep.__bi_ptr78
                0x10001fc4        0x4 CMakeFiles/hda.dir/home/asus/pico-sdk/src/rp2_common/pico_standard_binary_info/standard_binary_info.c.o
 .binary_info.keep.__bi_ptr54
                0x10001fc8        0x4 CMakeFiles/hda.dir/home/asus/pico-sdk/src/rp2_common/pico_standard_binary_info/standard_binary_info.c.o
 .binary_info.keep.__bi_ptr48
                0x10001fcc        0x4 CMakeFiles/hda.dir/home/asus/pico-sdk/src/rp2_common/pico_standard_binary_info/standard_binary_info.c.o
 .binary_info.keep.__bi_ptr42
                0x10001fd0        0x4 CMakeFiles/hda.dir/home/asus/pico-sdk/src/rp2_common/pico_standard_binary_info/standard_binary_info.c.o
 .binary_info.keep.__bi_ptr34
                0x10001fd4        0x4 CMakeFiles/hda.dir/home/asus/pico-sdk/src/rp2_common/pico_standard_binary_info/standard_binary_info.c.o
 .binary_info.keep.__bi_ptr26
                0x10001fd8        0x4 CMakeFiles/hda.dir/home/asus/pico-sdk/src/rp2_common/pico_standard_binary_info/standard_binary_info.c.o
 *(.binary_info.*)
                0x10001fdc                        __binary_info_end = .
                0x10001fdc                        . = ALIGN (0x4)

.ram_vector_table
                0x20000000       0xc0
 *(.ram_vector_table)
 .ram_vector_table
                0x20000000       0xc0 CMakeFiles/hda.dir/home/asus/pico-sdk/src/rp2_common/pico_runtime_init/runtime_init.c.o
                0x20000000                ram_vector_table

.uninitialized_data
                0x200000c0        0x0
                0x200000c0                        . = ALIGN (0x4)
 *(.uninitialized_data*)

.data           0x200000c0      0x128 load address 0x10001fdc
                0x200000c0                        __data_start__ = .
 *(vtable)
 *(.time_critical*)
 .time_critical.mutex_try_enter_block_until
                0x200000c0       0x9c CMakeFiles/hda.dir/home/asus/pico-sdk/src/common/pico_sync/mutex.c.o
                0x200000c0                mutex_try_enter_block_until
 .time_critical.mutex_exit
                0x2000015c       0x28 CMakeFiles/hda.dir/home/asus/pico-sdk/src/common/pico_sync/mutex.c.o
                0x2000015c                mutex_exit
 *(.text*)
 .text          0x20000184        0x4 /usr/lib/gcc/arm-none-eabi/13.2.1/thumb/v6-m/nofp/libgcc.a(_dvmd_tls.o)
                0x20000184                __aeabi_ldiv0
                0x20000184                __aeabi_idiv0
 .text.__stub   0x20000188       0x10 linker stubs
                0x20000198                        . = ALIGN (0x4)
 *(.rodata*)
                0x20000198                        . = ALIGN (0x4)
 *(.data*)
 .data.striped_spin_lock_num
                0x20000198        0x1 CMakeFiles/hda.dir/home/asus/pico-sdk/src/rp2_common/hardware_sync/sync.c.o
 *fill*         0x20000199        0x3 
 .data.default_alarm_pool
                0x2000019c       0x18 CMakeFiles/hda.dir/home/asus/pico-sdk/src/common/pico_time/time.c.o
 *fill*         0x200001b4        0xc 
 .data.aeabi_bits_funcs
                0x200001c0       0x10 CMakeFiles/hda.dir/home/asus/pico-sdk/src/rp2_common/pico_bit_ops/bit_ops_aeabi.S.o
                0x200001c0                aeabi_bits_funcs
                0x200001d0                aeabi_bits_funcs_end
 .data.aeabi_mem_funcs
                0x200001d0       0x10 CMakeFiles/hda.dir/home/asus/pico-sdk/src/rp2_common/pico_mem_ops/mem_ops_aeabi.S.o
                0x200001d0                aeabi_mem_funcs
                0x200001e0                aeabi_mem_funcs_end
                0x200001e0                        . = ALIGN (0x4)
 *(.after_data.*)
                0x200001e0                        . = ALIGN (0x4)
                0x200001e0                        PROVIDE (__mutex_array_start = .)
 *(SORT_BY_NAME(.mutex_array.*))
 *(.mutex_array)
 .mutex_array   0x200001e0        0x8 CMakeFiles/hda.dir/home/asus/pico-sdk/src/rp2_common/pico_stdio/stdio.c.o
                0x200001e8                        PROVIDE (__mutex_array_end = .)
                0x200001e8                        . = ALIGN (0x4)
 *(.jcr)
                0x200001e8                        . = ALIGN (0x4)

.tm_clone_table
                0x200001e8        0x0 load address 0x10002104
 .tm_clone_table
                0x200001e8        0x0 /usr/lib/gcc/arm-none-eabi/13.2.1/thumb/v6-m/nofp/crtbegin.o
 .tm_clone_table
                0x200001e8        0x0 /usr/lib/gcc/arm-none-eabi/13.2.1/thumb/v6-m/nofp/crtend.o

.igot.plt       0x200001e8        0x0 load address 0x10002104
 .igot.plt      0x200001e8        0x0 /usr/lib/gcc/arm-none-eabi/13.2.1/thumb/v6-m/nofp/crtbegin.o

.tdata          0x200001e8        0x0 load address 0x10002104
                0x200001e8                        . = ALIGN (0x4)
 *(.tdata .tdata.* .gnu.linkonce.td.*)
                0x200001e8                        __tdata_end = .
                0x200001e8                        PROVIDE (__data_end__ = .)
                0x10001fdc                        __etext = LOADADDR (.data)

.tbss           0x200001e8        0x0 load address 0x10002104
                0x200001e8                        . = ALIGN (0x4)
                0x200001e8                        __bss_start__ = .
                0x200001e8                        __tls_base = .
 *(.tbss .tbss.* .gnu.linkonce.tb.*)
 *(.tcommon)
                0x200001e8                        __tls_end = .

.bss            0x200001e8      0x588 load address 0x10002104
                0x200001e8                        . = ALIGN (0x4)
                0x200001e8                        __tbss_end = .
 *(SORT_BY_ALIGNMENT(SORT_BY_NAME(.bss*)))
 .bss.default_alarm_pool_entries
                0x200001e8      0x180 CMakeFiles/hda.dir/home/asus/pico-sdk/src/common/pico_time/time.c.o
 .bss.sd_table  0x20000368      0x100 CMakeFiles/hda.dir/home/asus/pico-sdk/src/rp2_common/pico_double/double_init_rom_rp2040.c.o
                0x20000368                sd_table
 .bss.sf_table  0x20000468      0x100 CMakeFiles/hda.dir/home/asus/pico-sdk/src/rp2_common/pico_float/float_init_rom_rp2040.c.o
                0x20000468                sf_table
 .bss           0x20000568       0x1c /usr/lib/gcc/arm-none-eabi/13.2.1/thumb/v6-m/nofp/crtbegin.o
 .bss           0x20000584      0x190 /usr/lib/gcc/arm-none-eabi/13.2.1/../../../arm-none-eabi/lib/thumb/v6-m/nofp/libg.a(libc_a-__atexit.o)
                0x20000584                __atexit0
 .bss           0x20000714        0x4 /usr/lib/gcc/arm-none-eabi/13.2.1/../../../arm-none-eabi/lib/thumb/v6-m/nofp/libg.a(libc_a-__call_atexit.o)
                0x20000714                __atexit
 .bss._used_instruction_space
                0x20000718        0x8 CMakeFiles/hda.dir/home/asus/pico-sdk/src/rp2_common/hardware_pio/pio.c.o
 .bss.claimed   0x20000720        0x1 CMakeFiles/hda.dir/home/asus/pico-sdk/src/rp2_common/hardware_timer/timer.c.o
 *fill*         0x20000721        0x3 
 .bss.configured_freq
                0x20000724       0x28 CMakeFiles/hda.dir/home/asus/pico-sdk/src/rp2_common/hardware_clocks/clocks.c.o
 .bss.drivers   0x2000074c        0x4 CMakeFiles/hda.dir/home/asus/pico-sdk/src/rp2_common/pico_stdio/stdio.c.o
 .bss.filter    0x20000750        0x4 CMakeFiles/hda.dir/home/asus/pico-sdk/src/rp2_common/pico_stdio/stdio.c.o
 .bss.lazy_vsnprintf
                0x20000754        0x4 CMakeFiles/hda.dir/home/asus/pico-sdk/src/rp2_common/pico_printf/printf.c.o
 .bss.pools     0x20000758       0x10 CMakeFiles/hda.dir/home/asus/pico-sdk/src/common/pico_time/time.c.o
 .bss.sf_clz_func
                0x20000768        0x4 CMakeFiles/hda.dir/home/asus/pico-sdk/src/rp2_common/pico_double/double_init_rom_rp2040.c.o
                0x20000768                sf_clz_func
 .bss.sleep_notifier
                0x2000076c        0x4 CMakeFiles/hda.dir/home/asus/pico-sdk/src/common/pico_time/time.c.o
 *(COMMON)
                0x20000770                        . = ALIGN (0x4)
                0x20000770                        __bss_end__ = .

.heap           0x20000770      0x800 load address 0x10002104
                0x20000770                        __end__ = .
                0x20000770                        end = __end__
 *(.heap*)
 .heap          0x20000770      0x800 CMakeFiles/hda.dir/home/asus/pico-sdk/src/rp2_common/pico_crt0/crt0.S.o
                0x20040000                        __HeapLimit = (ORIGIN (RAM) + LENGTH (RAM))

.scratch_x      0x20040000        0x0 load address 0x10002104
                0x20040000                        __scratch_x_start__ = .
 *(.scratch_x.*)
                0x20040000                        . = ALIGN (0x4)
                0x20040000                        __scratch_x_end__ = .
                0x10002104                        __scratch_x_source__ = LOADADDR (.scratch_x)

.scratch_y      0x20041000        0x0 load address 0x10002104
                0x20041000                        __scratch_y_start__ = .
 *(.scratch_y.*)
                0x20041000                        . = ALIGN (0x4)
                0x20041000                        __scratch_y_end__ = .
                0x10002104                        __scratch_y_source__ = LOADADDR (.scratch_y)

.stack1_dummy
 *(.stack1*)

.stack_dummy    0x20041000      0x800
 *(.stack*)
 .stack         0x20041000      0x800 CMakeFiles/hda.dir/home/asus/pico-sdk/src/rp2_common/pico_crt0/crt0.S.o

.rel.dyn        0x20041800        0x0
 .rel.iplt      0x20041800        0x0 /usr/lib/gcc/arm-none-eabi/13.2.1/thumb/v6-m/nofp/crtbegin.o

.flash_end      0x10002104        0x0
 *(.embedded_end_block*)
                0x10002104                        PROVIDE (__flash_binary_end = .)
                0x20040000                        __StackLimit = (ORIGIN (RAM) + LENGTH (RAM))
                0x20041000                        __StackOneTop = (ORIGIN (SCRATCH_X) + LENGTH (SCRATCH_X))
                0x20042000                        __StackTop = (ORIGIN (SCRATCH_Y) + LENGTH (SCRATCH_Y))
                0x20041000                        __StackOneBottom = (__StackOneTop - SIZEOF (.stack1_dummy))
                0x20041800                        __StackBottom = (__StackTop - SIZEOF (.stack_dummy))
                0x20042000                        PROVIDE (__stack = __StackTop)
                [!provide]                        PROVIDE (__heap_start = __end__)
                [!provide]                        PROVIDE (__heap_end = __HeapLimit)
                [!provide]                        PROVIDE (__tls_align = MAX (ALIGNOF (.tdata), ALIGNOF (.tbss)))
                [!provide]                        PROVIDE (__tls_size_align = (((__tls_size + __tls_align) - 0x1) & ~ ((__tls_align - 0x1))))
                [!provide]                        PROVIDE (__arm32_tls_tcb_offset = MAX (0x8, __tls_align))
                [!provide]                        PROVIDE (_end = __end__)
                [!provide]                        PROVIDE (__llvm_libc_heap_limit = __HeapLimit)
                0x00000001                        ASSERT ((__StackLimit >= __HeapLimit), region RAM overflowed)
                0x00000001                        ASSERT (((__binary_info_header_end - __logical_binary_start) <= 0x100), Binary info must be in first 256 bytes of the binary)
LOAD CMakeFiles/hda.dir/main.c.o
LOAD CMakeFiles/hda.dir/home/asus/pico-sdk/src/rp2_common/pico_stdlib/stdlib.c.o
LOAD CMakeFiles/hda.dir/home/asus/pico-sdk/src/rp2_common/hardware_gpio/gpio.c.o
LOAD CMakeFiles/hda.dir/home/asus/pico-sdk/src/rp2040/pico_platform/platform.c.o
LOAD CMakeFiles/hda.dir/home/asus/pico-sdk/src/rp2_common/pico_platform_common/common.c.o
LOAD CMakeFiles/hda.dir/home/asus/pico-sdk/src/rp2_common/pico_platform_panic/panic.c.o
LOAD CMakeFiles/hda.dir/home/asus/pico-sdk/src/common/hardware_claim/claim.c.o
LOAD CMakeFiles/hda.dir/home/asus/pico-sdk/src/rp2_common/hardware_sync/sync.c.o
LOAD CMakeFiles/hda.dir/home/asus/pico-sdk/src/rp2_common/hardware_sync_spin_lock/sync_spin_lock.c.o
LOAD CMakeFiles/hda.dir/home/asus/pico-sdk/src/rp2_common/hardware_irq/irq.c.o
LOAD CMakeFiles/hda.dir/home/asus/pico-sdk/src/rp2_common/hardware_irq/irq_handler_chain.S.o
LOAD CMakeFiles/hda.dir/home/asus/pico-sdk/src/common/pico_sync/sem.c.o
LOAD CMakeFiles/hda.dir/home/asus/pico-sdk/src/common/pico_sync/lock_core.c.o
LOAD CMakeFiles/hda.dir/home/asus/pico-sdk/src/common/pico_sync/mutex.c.o
LOAD CMakeFiles/hda.dir/home/asus/pico-sdk/src/common/pico_sync/critical_section.c.o
LOAD CMakeFiles/hda.dir/home/asus/pico-sdk/src/common/pico_time/time.c.o
LOAD CMakeFiles/hda.dir/home/asus/pico-sdk/src/common/pico_time/timeout_helper.c.o
LOAD CMakeFiles/hda.dir/home/asus/pico-sdk/src/rp2_common/hardware_timer/timer.c.o
LOAD CMakeFiles/hda.dir/home/asus/pico-sdk/src/common/pico_util/datetime.c.o
LOAD CMakeFiles/hda.dir/home/asus/pico-sdk/src/common/pico_util/pheap.c.o
LOAD CMakeFiles/hda.dir/home/asus/pico-sdk/src/common/pico_util/queue.c.o
LOAD CMakeFiles/hda.dir/home/asus/pico-sdk/src/rp2_common/hardware_uart/uart.c.o
LOAD CMakeFiles/hda.dir/home/asus/pico-sdk/src/rp2_common/hardware_clocks/clocks.c.o
LOAD CMakeFiles/hda.dir/home/asus/pico-sdk/src/rp2_common/hardware_pll/pll.c.o
LOAD CMakeFiles/hda.dir/home/asus/pico-sdk/src/rp2_common/hardware_vreg/vreg.c.o
LOAD CMakeFiles/hda.dir/home/asus/pico-sdk/src/rp2_common/hardware_watchdog/watchdog.c.o
LOAD CMakeFiles/hda.dir/home/asus/pico-sdk/src/rp2_common/hardware_ticks/ticks.c.o
LOAD CMakeFiles/hda.dir/home/asus/pico-sdk/src/rp2_common/pico_bootrom/bootrom.c.o
LOAD CMakeFiles/hda.dir/home/asus/pico-sdk/src/rp2_common/pico_bootrom/bootrom_lock.c.o
LOAD CMakeFiles/hda.dir/home/asus/pico-sdk/src/rp2_common/hardware_boot_lock/boot_lock.c.o
LOAD CMakeFiles/hda.dir/home/asus/pico-sdk/src/rp2_common/pico_flash/flash.c.o
LOAD CMakeFiles/hda.dir/home/asus/pico-sdk/src/rp2_common/hardware_xosc/xosc.c.o
LOAD CMakeFiles/hda.dir/home/asus/pico-sdk/src/rp2_common/hardware_divider/divider.S.o
LOAD CMakeFiles/hda.dir/home/asus/pico-sdk/src/rp2_common/pico_runtime/runtime.c.o
LOAD CMakeFiles/hda.dir/home/asus/pico-sdk/src/rp2_common/pico_runtime_init/runtime_init.c.o
LOAD CMakeFiles/hda.dir/home/asus/pico-sdk/src/rp2_common/pico_runtime_init/runtime_init_clocks.c.o
LOAD CMakeFiles/hda.dir/home/asus/pico-sdk/src/rp2_common/pico_runtime_init/runtime_init_stack_guard.c.o
LOAD CMakeFiles/hda.dir/home/asus/pico-sdk/src/rp2_common/pico_bit_ops/bit_ops_aeabi.S.o
LOAD CMakeFiles/hda.dir/home/asus/pico-sdk/src/rp2_common/pico_divider/divider_hardware.S.o
LOAD CMakeFiles/hda.dir/home/asus/pico-sdk/src/rp2_common/pico_double/double_aeabi_rp2040.S.o
LOAD CMakeFiles/hda.dir/home/asus/pico-sdk/src/rp2_common/pico_double/double_init_rom_rp2040.c.o
LOAD CMakeFiles/hda.dir/home/asus/pico-sdk/src/rp2_common/pico_double/double_math.c.o
LOAD CMakeFiles/hda.dir/home/asus/pico-sdk/src/rp2_common/pico_double/double_v1_rom_shim_rp2040.S.o
LOAD CMakeFiles/hda.dir/home/asus/pico-sdk/src/rp2_common/pico_int64_ops/pico_int64_ops_aeabi.S.o
LOAD CMakeFiles/hda.dir/home/asus/pico-sdk/src/rp2_common/pico_float/float_aeabi_rp2040.S.o
LOAD CMakeFiles/hda.dir/home/asus/pico-sdk/src/rp2_common/pico_float/float_init_rom_rp2040.c.o
LOAD CMakeFiles/hda.dir/home/asus/pico-sdk/src/rp2_common/pico_float/float_math.c.o
LOAD CMakeFiles/hda.dir/home/asus/pico-sdk/src/rp2_common/pico_float/float_v1_rom_shim_rp2040.S.o
LOAD CMakeFiles/hda.dir/home/asus/pico-sdk/src/rp2_common/pico_malloc/malloc.c.o
LOAD CMakeFiles/hda.dir/home/asus/pico-sdk/src/rp2_common/pico_mem_ops/mem_ops_aeabi.S.o
LOAD CMakeFiles/hda.dir/home/asus/pico-sdk/src/rp2_common/pico_atomic/atomic.c.o
LOAD CMakeFiles/hda.dir/home/asus/pico-sdk/src/rp2_common/pico_cxx_options/new_delete.cpp.o
LOAD CMakeFiles/hda.dir/home/asus/pico-sdk/src/rp2_common/pico_standard_binary_info/standard_binary_info.c.o
LOAD CMakeFiles/hda.dir/home/asus/pico-sdk/src/rp2_common/pico_printf/printf.c.o
LOAD CMakeFiles/hda.dir/home/asus/pico-sdk/src/rp2_common/pico_crt0/crt0.S.o
LOAD CMakeFiles/hda.dir/home/asus/pico-sdk/src/rp2_common/pico_clib_interface/newlib_interface.c.o
LOAD CMakeFiles/hda.dir/home/asus/pico-sdk/src/rp2_common/pico_stdio/stdio.c.o
LOAD CMakeFiles/hda.dir/home/asus/pico-sdk/src/rp2_common/pico_stdio_uart/stdio_uart.c.o
LOAD CMakeFiles/hda.dir/home/asus/pico-sdk/src/rp2_common/hardware_pio/pio.c.o
LOAD pico-sdk/src/rp2040/boot_stage2/CMakeFiles/bs2_default_library.dir/bs2_default_padded_checksummed.S.o
LOAD /usr/lib/gcc/arm-none-eabi/13.2.1/../../../arm-none-eabi/lib/thumb/v6-m/nofp/libstdc++.a
LOAD /usr/lib/gcc/arm-none-eabi/13.2.1/../../../arm-none-eabi/lib/thumb/v6-m/nofp/libm.a
START GROUP
LOAD /usr/lib/gcc/arm-none-eabi/13.2.1/thumb/v6-m/nofp/libgcc.a
LOAD /usr/lib/gcc/arm-none-eabi/13.2.1/../../../arm-none-eabi/lib/thumb/v6-m/nofp/libg.a
LOAD /usr/lib/gcc/arm-none-eabi/13.2.1/../../../arm-none-eabi/lib/thumb/v6-m/nofp/libc.a
END GROUP
START GROUP
LOAD /usr/lib/gcc/arm-none-eabi/13.2.1/thumb/v6-m/nofp/libgcc.a
LOAD /usr/lib/gcc/arm-none-eabi/13.2.1/../../../arm-none-eabi/lib/thumb/v6-m/nofp/libc.a
LOAD /usr/lib/gcc/arm-none-eabi/13.2.1/../../../arm-none-eabi/lib/thumb/v6-m/nofp/libnosys.a
END GROUP
LOAD /usr/lib/gcc/arm-none-eabi/13.2.1/thumb/v6-m/nofp/crtend.o
LOAD /usr/lib/gcc/arm-none-eabi/13.2.1/thumb/v6-m/nofp/crtn.o
OUTPUT(hda.elf elf32-littlearm)
LOAD linker stubs

.ARM.attributes
                0x00000000       0x28
 .ARM.attributes
                0x00000000       0x1e /usr/lib/gcc/arm-none-eabi/13.2.1/thumb/v6-m/nofp/crti.o
 .ARM.attributes
                0x0000001e       0x2c /usr/lib/gcc/arm-none-eabi/13.2.1/thumb/v6-m/nofp/crtbegin.o
 .ARM.attributes
                0x0000004a       0x2c CMakeFiles/hda.dir/main.c.o
 .ARM.attributes
                0x00000076       0x2c CMakeFiles/hda.dir/home/asus/pico-sdk/src/rp2_common/hardware_gpio/gpio.c.o
 .ARM.attributes
                0x000000a2       0x2c CMakeFiles/hda.dir/home/asus/pico-sdk/src/rp2_common/pico_platform_panic/panic.c.o
 .ARM.attributes
                0x000000ce       0x2c CMakeFiles/hda.dir/home/asus/pico-sdk/src/common/hardware_claim/claim.c.o
 .ARM.attributes
                0x000000fa       0x2c CMakeFiles/hda.dir/home/asus/pico-sdk/src/rp2_common/hardware_sync/sync.c.o
 .ARM.attributes
                0x00000126       0x2c CMakeFiles/hda.dir/home/asus/pico-sdk/src/rp2_common/hardware_sync_spin_lock/sync_spin_lock.c.o
 .ARM.attributes
                0x00000152       0x2c CMakeFiles/hda.dir/home/asus/pico-sdk/src/rp2_common/hardware_irq/irq.c.o
 .ARM.attributes
                0x0000017e       0x2c CMakeFiles/hda.dir/home/asus/pico-sdk/src/common/pico_sync/lock_core.c.o
 .ARM.attributes
                0x000001aa       0x2c CMakeFiles/hda.dir/home/asus/pico-sdk/src/common/pico_sync/mutex.c.o
 .ARM.attributes
                0x000001d6       0x2c CMakeFiles/hda.dir/home/asus/pico-sdk/src/common/pico_time/time.c.o
 .ARM.attributes
                0x00000202       0x2c CMakeFiles/hda.dir/home/asus/pico-sdk/src/rp2_common/hardware_timer/timer.c.o
 .ARM.attributes
                0x0000022e       0x2c CMakeFiles/hda.dir/home/asus/pico-sdk/src/rp2_common/hardware_clocks/clocks.c.o
 .ARM.attributes
                0x0000025a       0x2c CMakeFiles/hda.dir/home/asus/pico-sdk/src/rp2_common/hardware_pll/pll.c.o
 .ARM.attributes
                0x00000286       0x2c CMakeFiles/hda.dir/home/asus/pico-sdk/src/rp2_common/hardware_ticks/ticks.c.o
 .ARM.attributes
                0x000002b2       0x2c CMakeFiles/hda.dir/home/asus/pico-sdk/src/rp2_common/pico_bootrom/bootrom.c.o
 .ARM.attributes
                0x000002de       0x2c CMakeFiles/hda.dir/home/asus/pico-sdk/src/rp2_common/hardware_xosc/xosc.c.o
 .ARM.attributes
                0x0000030a       0x2c CMakeFiles/hda.dir/home/asus/pico-sdk/src/rp2_common/pico_runtime/runtime.c.o
 .ARM.attributes
                0x00000336       0x2c CMakeFiles/hda.dir/home/asus/pico-sdk/src/rp2_common/pico_runtime_init/runtime_init.c.o
 .ARM.attributes
                0x00000362       0x2c CMakeFiles/hda.dir/home/asus/pico-sdk/src/rp2_common/pico_runtime_init/runtime_init_clocks.c.o
 .ARM.attributes
                0x0000038e       0x22 CMakeFiles/hda.dir/home/asus/pico-sdk/src/rp2_common/pico_bit_ops/bit_ops_aeabi.S.o
 .ARM.attributes
                0x000003b0       0x22 CMakeFiles/hda.dir/home/asus/pico-sdk/src/rp2_common/pico_divider/divider_hardware.S.o
 .ARM.attributes
                0x000003d2       0x22 CMakeFiles/hda.dir/home/asus/pico-sdk/src/rp2_common/pico_double/double_aeabi_rp2040.S.o
 .ARM.attributes
                0x000003f4       0x2c CMakeFiles/hda.dir/home/asus/pico-sdk/src/rp2_common/pico_double/double_init_rom_rp2040.c.o
 .ARM.attributes
                0x00000420       0x22 CMakeFiles/hda.dir/home/asus/pico-sdk/src/rp2_common/pico_double/double_v1_rom_shim_rp2040.S.o
 .ARM.attributes
                0x00000442       0x22 CMakeFiles/hda.dir/home/asus/pico-sdk/src/rp2_common/pico_float/float_aeabi_rp2040.S.o
 .ARM.attributes
                0x00000464       0x2c CMakeFiles/hda.dir/home/asus/pico-sdk/src/rp2_common/pico_float/float_init_rom_rp2040.c.o
 .ARM.attributes
                0x00000490       0x22 CMakeFiles/hda.dir/home/asus/pico-sdk/src/rp2_common/pico_float/float_v1_rom_shim_rp2040.S.o
 .ARM.attributes
                0x000004b2       0x22 CMakeFiles/hda.dir/home/asus/pico-sdk/src/rp2_common/pico_mem_ops/mem_ops_aeabi.S.o
 .ARM.attributes
                0x000004d4       0x2c CMakeFiles/hda.dir/home/asus/pico-sdk/src/rp2_common/pico_standard_binary_info/standard_binary_info.c.o
 .ARM.attributes
                0x00000500       0x2c CMakeFiles/hda.dir/home/asus/pico-sdk/src/rp2_common/pico_printf/printf.c.o
 .ARM.attributes
                0x0000052c       0x22 CMakeFiles/hda.dir/home/asus/pico-sdk/src/rp2_common/pico_crt0/crt0.S.o
 .ARM.attributes
                0x0000054e       0x2c CMakeFiles/hda.dir/home/asus/pico-sdk/src/rp2_common/pico_clib_interface/newlib_interface.c.o
 .ARM.attributes
                0x0000057a       0x2c CMakeFiles/hda.dir/home/asus/pico-sdk/src/rp2_common/pico_stdio/stdio.c.o
 .ARM.attributes
                0x000005a6       0x2c CMakeFiles/hda.dir/home/asus/pico-sdk/src/rp2_common/hardware_pio/pio.c.o
 .ARM.attributes
                0x000005d2       0x22 pico-sdk/src/rp2040/boot_stage2/CMakeFiles/bs2_default_library.dir/bs2_default_padded_checksummed.S.o
 .ARM.attributes
                0x000005f4       0x1e /usr/lib/gcc/arm-none-eabi/13.2.1/thumb/v6-m/nofp/libgcc.a(_dvmd_tls.o)
 .ARM.attributes
                0x00000612       0x2c /usr/lib/gcc/arm-none-eabi/13.2.1/../../../arm-none-eabi/lib/thumb/v6-m/nofp/libg.a(libc_a-atexit.o)
 .ARM.attributes
                0x0000063e       0x2c /usr/lib/gcc/arm-none-eabi/13.2.1/../../../arm-none-eabi/lib/thumb/v6-m/nofp/libg.a(libc_a-strlen-stub.o)
 .ARM.attributes
                0x0000066a       0x2c /usr/lib/gcc/arm-none-eabi/13.2.1/../../../arm-none-eabi/lib/thumb/v6-m/nofp/libg.a(libc_a-fini.o)
 .ARM.attributes
                0x00000696       0x2c /usr/lib/gcc/arm-none-eabi/13.2.1/../../../arm-none-eabi/lib/thumb/v6-m/nofp/libg.a(libc_a-__atexit.o)
 .ARM.attributes
                0x000006c2       0x2c /usr/lib/gcc/arm-none-eabi/13.2.1/../../../arm-none-eabi/lib/thumb/v6-m/nofp/libg.a(libc_a-__call_atexit.o)
 .ARM.attributes
                0x000006ee       0x2c /usr/lib/gcc/arm-none-eabi/13.2.1/thumb/v6-m/nofp/crtend.o

.comment        0x00000000       0x26
 .comment       0x00000000       0x26 /usr/lib/gcc/arm-none-eabi/13.2.1/thumb/v6-m/nofp/crtbegin.o
                                 0x27 (size before relaxing)
 .comment       0x00000026       0x27 CMakeFiles/hda.dir/main.c.o
 .comment       0x00000026       0x27 CMakeFiles/hda.dir/home/asus/pico-sdk/src/rp2_common/hardware_gpio/gpio.c.o
 .comment       0x00000026       0x27 CMakeFiles/hda.dir/home/asus/pico-sdk/src/rp2_common/pico_platform_panic/panic.c.o
 .comment       0x00000026       0x27 CMakeFiles/hda.dir/home/asus/pico-sdk/src/common/hardware_claim/claim.c.o
 .comment       0x00000026       0x27 CMakeFiles/hda.dir/home/asus/pico-sdk/src/rp2_common/hardware_sync/sync.c.o
 .comment       0x00000026       0x27 CMakeFiles/hda.dir/home/asus/pico-sdk/src/rp2_common/hardware_sync_spin_lock/sync_spin_lock.c.o
 .comment       0x00000026       0x27 CMakeFiles/hda.dir/home/asus/pico-sdk/src/rp2_common/hardware_irq/irq.c.o
 .comment       0x00000026       0x27 CMakeFiles/hda.dir/home/asus/pico-sdk/src/common/pico_sync/lock_core.c.o
 .comment       0x00000026       0x27 CMakeFiles/hda.dir/home/asus/pico-sdk/src/common/pico_sync/mutex.c.o
 .comment       0x00000026       0x27 CMakeFiles/hda.dir/home/asus/pico-sdk/src/common/pico_time/time.c.o
 .comment       0x00000026       0x27 CMakeFiles/hda.dir/home/asus/pico-sdk/src/rp2_common/hardware_timer/timer.c.o
 .comment       0x00000026       0x27 CMakeFiles/hda.dir/home/asus/pico-sdk/src/rp2_common/hardware_clocks/clocks.c.o
 .comment       0x00000026       0x27 CMakeFiles/hda.dir/home/asus/pico-sdk/src/rp2_common/hardware_pll/pll.c.o
 .comment       0x00000026       0x27 CMakeFiles/hda.dir/home/asus/pico-sdk/src/rp2_common/hardware_ticks/ticks.c.o
 .comment       0x00000026       0x27 CMakeFiles/hda.dir/home/asus/pico-sdk/src/rp2_common/pico_bootrom/bootrom.c.o
 .comment       0x00000026       0x27 CMakeFiles/hda.dir/home/asus/pico-sdk/src/rp2_common/hardware_xosc/xosc.c.o
 .comment       0x00000026       0x27 CMakeFiles/hda.dir/home/asus/pico-sdk/src/rp2_common/pico_runtime/runtime.c.o
 .comment       0x00000026       0x27 CMakeFiles/hda.dir/home/asus/pico-sdk/src/rp2_common/pico_runtime_init/runtime_init.c.o
 .comment       0x00000026       0x27 CMakeFiles/hda.dir/home/asus/pico-sdk/src/rp2_common/pico_runtime_init/runtime_init_clocks.c.o
 .comment       0x00000026       0x27 CMakeFiles/hda.dir/home/asus/pico-sdk/src/rp2_common/pico_double/double_init_rom_rp2040.c.o
 .comment       0x00000026       0x27 CMakeFiles/hda.dir/home/asus/pico-sdk/src/rp2_common/pico_float/float_init_rom_rp2040.c.o
 .comment       0x00000026       0x27 CMakeFiles/hda.dir/home/asus/pico-sdk/src/rp2_common/pico_standard_binary_info/standard_binary_info.c.o
 .comment       0x00000026       0x27 CMakeFiles/hda.dir/home/asus/pico-sdk/src/rp2_common/pico_printf/printf.c.o
 .comment       0x00000026       0x27 CMakeFiles/hda.dir/home/asus/pico-sdk/src/rp2_common/pico_clib_interface/newlib_interface.c.o
 .comment       0x00000026       0x27 CMakeFiles/hda.dir/home/asus/pico-sdk/src/rp2_common/pico_stdio/stdio.c.o
 .comment       0x00000026       0x27 CMakeFiles/hda.dir/home/asus/pico-sdk/src/rp2_common/hardware_pio/pio.c.o
 .comment       0x00000026       0x27 /usr/lib/gcc/arm-none-eabi/13.2.1/../../../arm-none-eabi/lib/thumb/v6-m/nofp/libg.a(libc_a-atexit.o)
 .comment       0x00000026       0x27 /usr/lib/gcc/arm-none-eabi/13.2.1/../../../arm-none-eabi/lib/thumb/v6-m/nofp/libg.a(libc_a-strlen-stub.o)
 .comment       0x00000026       0x27 /usr/lib/gcc/arm-none-eabi/13.2.1/../../../arm-none-eabi/lib/thumb/v6-m/nofp/libg.a(libc_a-fini.o)
 .comment       0x00000026       0x27 /usr/lib/gcc/arm-none-eabi/13.2.1/../../../arm-none-eabi/lib/thumb/v6-m/nofp/libg.a(libc_a-__atexit.o)
 .comment       0x00000026       0x27 /usr/lib/gcc/arm-none-eabi/13.2.1/../../../arm-none-eabi/lib/thumb/v6-m/nofp/libg.a(libc_a-__call_atexit.o)
 .comment       0x00000026       0x27 /usr/lib/gcc/arm-none-eabi/13.2.1/thumb/v6-m/nofp/crtend.o

.debug_info     0x00000000    0x1da60
 .debug_info    0x00000000     0x127f CMakeFiles/hda.dir/main.c.o
 .debug_info    0x0000127f     0x23f9 CMakeFiles/hda.dir/home/asus/pico-sdk/src/rp2_common/hardware_gpio/gpio.c.o
 .debug_info    0x00003678      0x1bf CMakeFiles/hda.dir/home/asus/pico-sdk/src/rp2_common/pico_platform_panic/panic.c.o
 .debug_info    0x00003837      0x985 CMakeFiles/hda.dir/home/asus/pico-sdk/src/common/hardware_claim/claim.c.o
 .debug_info    0x000041bc      0x440 CMakeFiles/hda.dir/home/asus/pico-sdk/src/rp2_common/hardware_sync/sync.c.o
 .debug_info    0x000045fc      0x239 CMakeFiles/hda.dir/home/asus/pico-sdk/src/rp2_common/hardware_sync_spin_lock/sync_spin_lock.c.o
 .debug_info    0x00004835     0x21e9 CMakeFiles/hda.dir/home/asus/pico-sdk/src/rp2_common/hardware_irq/irq.c.o
 .debug_info    0x00006a1e      0x153 CMakeFiles/hda.dir/home/asus/pico-sdk/src/common/pico_sync/lock_core.c.o
 .debug_info    0x00006b71     0x27e9 CMakeFiles/hda.dir/home/asus/pico-sdk/src/common/pico_sync/mutex.c.o
 .debug_info    0x0000935a     0x484f CMakeFiles/hda.dir/home/asus/pico-sdk/src/common/pico_time/time.c.o
 .debug_info    0x0000dba9     0x2afb CMakeFiles/hda.dir/home/asus/pico-sdk/src/rp2_common/hardware_timer/timer.c.o
 .debug_info    0x000106a4     0x2992 CMakeFiles/hda.dir/home/asus/pico-sdk/src/rp2_common/hardware_clocks/clocks.c.o
 .debug_info    0x00013036      0x4cd CMakeFiles/hda.dir/home/asus/pico-sdk/src/rp2_common/hardware_pll/pll.c.o
 .debug_info    0x00013503      0x230 CMakeFiles/hda.dir/home/asus/pico-sdk/src/rp2_common/hardware_ticks/ticks.c.o
 .debug_info    0x00013733      0x654 CMakeFiles/hda.dir/home/asus/pico-sdk/src/rp2_common/pico_bootrom/bootrom.c.o
 .debug_info    0x00013d87      0x1b8 CMakeFiles/hda.dir/home/asus/pico-sdk/src/rp2_common/hardware_xosc/xosc.c.o
 .debug_info    0x00013f3f      0x20e CMakeFiles/hda.dir/home/asus/pico-sdk/src/rp2_common/pico_runtime/runtime.c.o
 .debug_info    0x0001414d      0x7d2 CMakeFiles/hda.dir/home/asus/pico-sdk/src/rp2_common/pico_runtime_init/runtime_init.c.o
 .debug_info    0x0001491f      0x768 CMakeFiles/hda.dir/home/asus/pico-sdk/src/rp2_common/pico_runtime_init/runtime_init_clocks.c.o
 .debug_info    0x00015087       0x23 CMakeFiles/hda.dir/home/asus/pico-sdk/src/rp2_common/pico_bit_ops/bit_ops_aeabi.S.o
 .debug_info    0x000150aa       0x23 CMakeFiles/hda.dir/home/asus/pico-sdk/src/rp2_common/pico_divider/divider_hardware.S.o
 .debug_info    0x000150cd       0x23 CMakeFiles/hda.dir/home/asus/pico-sdk/src/rp2_common/pico_double/double_aeabi_rp2040.S.o
 .debug_info    0x000150f0      0x266 CMakeFiles/hda.dir/home/asus/pico-sdk/src/rp2_common/pico_double/double_init_rom_rp2040.c.o
 .debug_info    0x00015356       0x23 CMakeFiles/hda.dir/home/asus/pico-sdk/src/rp2_common/pico_double/double_v1_rom_shim_rp2040.S.o
 .debug_info    0x00015379       0x23 CMakeFiles/hda.dir/home/asus/pico-sdk/src/rp2_common/pico_float/float_aeabi_rp2040.S.o
 .debug_info    0x0001539c      0x266 CMakeFiles/hda.dir/home/asus/pico-sdk/src/rp2_common/pico_float/float_init_rom_rp2040.c.o
 .debug_info    0x00015602       0x23 CMakeFiles/hda.dir/home/asus/pico-sdk/src/rp2_common/pico_float/float_v1_rom_shim_rp2040.S.o
 .debug_info    0x00015625       0x23 CMakeFiles/hda.dir/home/asus/pico-sdk/src/rp2_common/pico_mem_ops/mem_ops_aeabi.S.o
 .debug_info    0x00015648      0x288 CMakeFiles/hda.dir/home/asus/pico-sdk/src/rp2_common/pico_standard_binary_info/standard_binary_info.c.o
 .debug_info    0x000158d0     0x2102 CMakeFiles/hda.dir/home/asus/pico-sdk/src/rp2_common/pico_printf/printf.c.o
 .debug_info    0x000179d2       0x23 CMakeFiles/hda.dir/home/asus/pico-sdk/src/rp2_common/pico_crt0/crt0.S.o
 .debug_info    0x000179f5      0xbbe CMakeFiles/hda.dir/home/asus/pico-sdk/src/rp2_common/pico_clib_interface/newlib_interface.c.o
 .debug_info    0x000185b3     0x1cc5 CMakeFiles/hda.dir/home/asus/pico-sdk/src/rp2_common/pico_stdio/stdio.c.o
 .debug_info    0x0001a278     0x302b CMakeFiles/hda.dir/home/asus/pico-sdk/src/rp2_common/hardware_pio/pio.c.o
 .debug_info    0x0001d2a3       0x3c /usr/lib/gcc/arm-none-eabi/13.2.1/thumb/v6-m/nofp/libgcc.a(_dvmd_tls.o)
 .debug_info    0x0001d2df      0x11e /usr/lib/gcc/arm-none-eabi/13.2.1/../../../arm-none-eabi/lib/thumb/v6-m/nofp/libg.a(libc_a-atexit.o)
 .debug_info    0x0001d3fd       0xeb /usr/lib/gcc/arm-none-eabi/13.2.1/../../../arm-none-eabi/lib/thumb/v6-m/nofp/libg.a(libc_a-strlen-stub.o)
 .debug_info    0x0001d4e8       0xf7 /usr/lib/gcc/arm-none-eabi/13.2.1/../../../arm-none-eabi/lib/thumb/v6-m/nofp/libg.a(libc_a-fini.o)
 .debug_info    0x0001d5df      0x1fd /usr/lib/gcc/arm-none-eabi/13.2.1/../../../arm-none-eabi/lib/thumb/v6-m/nofp/libg.a(libc_a-__atexit.o)
 .debug_info    0x0001d7dc      0x284 /usr/lib/gcc/arm-none-eabi/13.2.1/../../../arm-none-eabi/lib/thumb/v6-m/nofp/libg.a(libc_a-__call_atexit.o)

.debug_abbrev   0x00000000     0x5636
 .debug_abbrev  0x00000000      0x3c5 CMakeFiles/hda.dir/main.c.o
 .debug_abbrev  0x000003c5      0x4e4 CMakeFiles/hda.dir/home/asus/pico-sdk/src/rp2_common/hardware_gpio/gpio.c.o
 .debug_abbrev  0x000008a9      0x12b CMakeFiles/hda.dir/home/asus/pico-sdk/src/rp2_common/pico_platform_panic/panic.c.o
 .debug_abbrev  0x000009d4      0x326 CMakeFiles/hda.dir/home/asus/pico-sdk/src/common/hardware_claim/claim.c.o
 .debug_abbrev  0x00000cfa      0x20d CMakeFiles/hda.dir/home/asus/pico-sdk/src/rp2_common/hardware_sync/sync.c.o
 .debug_abbrev  0x00000f07      0x1bb CMakeFiles/hda.dir/home/asus/pico-sdk/src/rp2_common/hardware_sync_spin_lock/sync_spin_lock.c.o
 .debug_abbrev  0x000010c2      0x600 CMakeFiles/hda.dir/home/asus/pico-sdk/src/rp2_common/hardware_irq/irq.c.o
 .debug_abbrev  0x000016c2       0xee CMakeFiles/hda.dir/home/asus/pico-sdk/src/common/pico_sync/lock_core.c.o
 .debug_abbrev  0x000017b0      0x489 CMakeFiles/hda.dir/home/asus/pico-sdk/src/common/pico_sync/mutex.c.o
 .debug_abbrev  0x00001c39      0x672 CMakeFiles/hda.dir/home/asus/pico-sdk/src/common/pico_time/time.c.o
 .debug_abbrev  0x000022ab      0x4f2 CMakeFiles/hda.dir/home/asus/pico-sdk/src/rp2_common/hardware_timer/timer.c.o
 .debug_abbrev  0x0000279d      0x4f7 CMakeFiles/hda.dir/home/asus/pico-sdk/src/rp2_common/hardware_clocks/clocks.c.o
 .debug_abbrev  0x00002c94      0x1d2 CMakeFiles/hda.dir/home/asus/pico-sdk/src/rp2_common/hardware_pll/pll.c.o
 .debug_abbrev  0x00002e66      0x145 CMakeFiles/hda.dir/home/asus/pico-sdk/src/rp2_common/hardware_ticks/ticks.c.o
 .debug_abbrev  0x00002fab      0x1bc CMakeFiles/hda.dir/home/asus/pico-sdk/src/rp2_common/pico_bootrom/bootrom.c.o
 .debug_abbrev  0x00003167      0x11d CMakeFiles/hda.dir/home/asus/pico-sdk/src/rp2_common/hardware_xosc/xosc.c.o
 .debug_abbrev  0x00003284      0x182 CMakeFiles/hda.dir/home/asus/pico-sdk/src/rp2_common/pico_runtime/runtime.c.o
 .debug_abbrev  0x00003406      0x26b CMakeFiles/hda.dir/home/asus/pico-sdk/src/rp2_common/pico_runtime_init/runtime_init.c.o
 .debug_abbrev  0x00003671      0x294 CMakeFiles/hda.dir/home/asus/pico-sdk/src/rp2_common/pico_runtime_init/runtime_init_clocks.c.o
 .debug_abbrev  0x00003905       0x12 CMakeFiles/hda.dir/home/asus/pico-sdk/src/rp2_common/pico_bit_ops/bit_ops_aeabi.S.o
 .debug_abbrev  0x00003917       0x12 CMakeFiles/hda.dir/home/asus/pico-sdk/src/rp2_common/pico_divider/divider_hardware.S.o
 .debug_abbrev  0x00003929       0x12 CMakeFiles/hda.dir/home/asus/pico-sdk/src/rp2_common/pico_double/double_aeabi_rp2040.S.o
 .debug_abbrev  0x0000393b      0x17a CMakeFiles/hda.dir/home/asus/pico-sdk/src/rp2_common/pico_double/double_init_rom_rp2040.c.o
 .debug_abbrev  0x00003ab5       0x12 CMakeFiles/hda.dir/home/asus/pico-sdk/src/rp2_common/pico_double/double_v1_rom_shim_rp2040.S.o
 .debug_abbrev  0x00003ac7       0x12 CMakeFiles/hda.dir/home/asus/pico-sdk/src/rp2_common/pico_float/float_aeabi_rp2040.S.o
 .debug_abbrev  0x00003ad9      0x173 CMakeFiles/hda.dir/home/asus/pico-sdk/src/rp2_common/pico_float/float_init_rom_rp2040.c.o
 .debug_abbrev  0x00003c4c       0x12 CMakeFiles/hda.dir/home/asus/pico-sdk/src/rp2_common/pico_float/float_v1_rom_shim_rp2040.S.o
 .debug_abbrev  0x00003c5e       0x12 CMakeFiles/hda.dir/home/asus/pico-sdk/src/rp2_common/pico_mem_ops/mem_ops_aeabi.S.o
 .debug_abbrev  0x00003c70       0xb8 CMakeFiles/hda.dir/home/asus/pico-sdk/src/rp2_common/pico_standard_binary_info/standard_binary_info.c.o
 .debug_abbrev  0x00003d28      0x525 CMakeFiles/hda.dir/home/asus/pico-sdk/src/rp2_common/pico_printf/printf.c.o
 .debug_abbrev  0x0000424d       0x12 CMakeFiles/hda.dir/home/asus/pico-sdk/src/rp2_common/pico_crt0/crt0.S.o
 .debug_abbrev  0x0000425f      0x352 CMakeFiles/hda.dir/home/asus/pico-sdk/src/rp2_common/pico_clib_interface/newlib_interface.c.o
 .debug_abbrev  0x000045b1      0x5eb CMakeFiles/hda.dir/home/asus/pico-sdk/src/rp2_common/pico_stdio/stdio.c.o
 .debug_abbrev  0x00004b9c      0x52c CMakeFiles/hda.dir/home/asus/pico-sdk/src/rp2_common/hardware_pio/pio.c.o
 .debug_abbrev  0x000050c8       0x26 /usr/lib/gcc/arm-none-eabi/13.2.1/thumb/v6-m/nofp/libgcc.a(_dvmd_tls.o)
 .debug_abbrev  0x000050ee       0xbe /usr/lib/gcc/arm-none-eabi/13.2.1/../../../arm-none-eabi/lib/thumb/v6-m/nofp/libg.a(libc_a-atexit.o)
 .debug_abbrev  0x000051ac       0x90 /usr/lib/gcc/arm-none-eabi/13.2.1/../../../arm-none-eabi/lib/thumb/v6-m/nofp/libg.a(libc_a-strlen-stub.o)
 .debug_abbrev  0x0000523c       0xc9 /usr/lib/gcc/arm-none-eabi/13.2.1/../../../arm-none-eabi/lib/thumb/v6-m/nofp/libg.a(libc_a-fini.o)
 .debug_abbrev  0x00005305      0x157 /usr/lib/gcc/arm-none-eabi/13.2.1/../../../arm-none-eabi/lib/thumb/v6-m/nofp/libg.a(libc_a-__atexit.o)
 .debug_abbrev  0x0000545c      0x1da /usr/lib/gcc/arm-none-eabi/13.2.1/../../../arm-none-eabi/lib/thumb/v6-m/nofp/libg.a(libc_a-__call_atexit.o)

.debug_loclists
                0x00000000    0x11840
 .debug_loclists
                0x00000000      0x379 CMakeFiles/hda.dir/main.c.o
 .debug_loclists
                0x00000379     0x19c2 CMakeFiles/hda.dir/home/asus/pico-sdk/src/rp2_common/hardware_gpio/gpio.c.o
 .debug_loclists
                0x00001d3b      0x36e CMakeFiles/hda.dir/home/asus/pico-sdk/src/common/hardware_claim/claim.c.o
 .debug_loclists
                0x000020a9       0xf1 CMakeFiles/hda.dir/home/asus/pico-sdk/src/rp2_common/hardware_sync/sync.c.o
 .debug_loclists
                0x0000219a       0x7d CMakeFiles/hda.dir/home/asus/pico-sdk/src/rp2_common/hardware_sync_spin_lock/sync_spin_lock.c.o
 .debug_loclists
                0x00002217     0x11bf CMakeFiles/hda.dir/home/asus/pico-sdk/src/rp2_common/hardware_irq/irq.c.o
 .debug_loclists
                0x000033d6       0x41 CMakeFiles/hda.dir/home/asus/pico-sdk/src/common/pico_sync/lock_core.c.o
 .debug_loclists
                0x00003417      0xafa CMakeFiles/hda.dir/home/asus/pico-sdk/src/common/pico_sync/mutex.c.o
 .debug_loclists
                0x00003f11     0x24c9 CMakeFiles/hda.dir/home/asus/pico-sdk/src/common/pico_time/time.c.o
 .debug_loclists
                0x000063da     0x1a17 CMakeFiles/hda.dir/home/asus/pico-sdk/src/rp2_common/hardware_timer/timer.c.o
 .debug_loclists
                0x00007df1     0x2ad7 CMakeFiles/hda.dir/home/asus/pico-sdk/src/rp2_common/hardware_clocks/clocks.c.o
 .debug_loclists
                0x0000a8c8      0x1e0 CMakeFiles/hda.dir/home/asus/pico-sdk/src/rp2_common/hardware_pll/pll.c.o
 .debug_loclists
                0x0000aaa8       0x47 CMakeFiles/hda.dir/home/asus/pico-sdk/src/rp2_common/hardware_ticks/ticks.c.o
 .debug_loclists
                0x0000aaef      0x399 CMakeFiles/hda.dir/home/asus/pico-sdk/src/rp2_common/pico_bootrom/bootrom.c.o
 .debug_loclists
                0x0000ae88       0x48 CMakeFiles/hda.dir/home/asus/pico-sdk/src/rp2_common/hardware_xosc/xosc.c.o
 .debug_loclists
                0x0000aed0       0x7e CMakeFiles/hda.dir/home/asus/pico-sdk/src/rp2_common/pico_runtime/runtime.c.o
 .debug_loclists
                0x0000af4e      0x139 CMakeFiles/hda.dir/home/asus/pico-sdk/src/rp2_common/pico_runtime_init/runtime_init.c.o
 .debug_loclists
                0x0000b087       0x74 CMakeFiles/hda.dir/home/asus/pico-sdk/src/rp2_common/pico_runtime_init/runtime_init_clocks.c.o
 .debug_loclists
                0x0000b0fb       0x3d CMakeFiles/hda.dir/home/asus/pico-sdk/src/rp2_common/pico_double/double_init_rom_rp2040.c.o
 .debug_loclists
                0x0000b138       0x59 CMakeFiles/hda.dir/home/asus/pico-sdk/src/rp2_common/pico_float/float_init_rom_rp2040.c.o
 .debug_loclists
                0x0000b191     0x2f65 CMakeFiles/hda.dir/home/asus/pico-sdk/src/rp2_common/pico_printf/printf.c.o
 .debug_loclists
                0x0000e0f6      0x44e CMakeFiles/hda.dir/home/asus/pico-sdk/src/rp2_common/pico_clib_interface/newlib_interface.c.o
 .debug_loclists
                0x0000e544      0xeab CMakeFiles/hda.dir/home/asus/pico-sdk/src/rp2_common/pico_stdio/stdio.c.o
 .debug_loclists
                0x0000f3ef     0x2171 CMakeFiles/hda.dir/home/asus/pico-sdk/src/rp2_common/hardware_pio/pio.c.o
 .debug_loclists
                0x00011560       0x2b /usr/lib/gcc/arm-none-eabi/13.2.1/../../../arm-none-eabi/lib/thumb/v6-m/nofp/libg.a(libc_a-atexit.o)
 .debug_loclists
                0x0001158b       0x57 /usr/lib/gcc/arm-none-eabi/13.2.1/../../../arm-none-eabi/lib/thumb/v6-m/nofp/libg.a(libc_a-strlen-stub.o)
 .debug_loclists
                0x000115e2       0x2c /usr/lib/gcc/arm-none-eabi/13.2.1/../../../arm-none-eabi/lib/thumb/v6-m/nofp/libg.a(libc_a-fini.o)
 .debug_loclists
                0x0001160e       0xff /usr/lib/gcc/arm-none-eabi/13.2.1/../../../arm-none-eabi/lib/thumb/v6-m/nofp/libg.a(libc_a-__atexit.o)
 .debug_loclists
                0x0001170d      0x133 /usr/lib/gcc/arm-none-eabi/13.2.1/../../../arm-none-eabi/lib/thumb/v6-m/nofp/libg.a(libc_a-__call_atexit.o)

.debug_aranges  0x00000000      0xfe8
 .debug_aranges
                0x00000000       0x20 CMakeFiles/hda.dir/main.c.o
 .debug_aranges
                0x00000020      0x118 CMakeFiles/hda.dir/home/asus/pico-sdk/src/rp2_common/hardware_gpio/gpio.c.o
 .debug_aranges
                0x00000138       0x28 CMakeFiles/hda.dir/home/asus/pico-sdk/src/rp2_common/pico_platform_panic/panic.c.o
 .debug_aranges
                0x00000160       0x48 CMakeFiles/hda.dir/home/asus/pico-sdk/src/common/hardware_claim/claim.c.o
 .debug_aranges
                0x000001a8       0x48 CMakeFiles/hda.dir/home/asus/pico-sdk/src/rp2_common/hardware_sync/sync.c.o
 .debug_aranges
                0x000001f0       0x28 CMakeFiles/hda.dir/home/asus/pico-sdk/src/rp2_common/hardware_sync_spin_lock/sync_spin_lock.c.o
 .debug_aranges
                0x00000218       0xb8 CMakeFiles/hda.dir/home/asus/pico-sdk/src/rp2_common/hardware_irq/irq.c.o
 .debug_aranges
                0x000002d0       0x20 CMakeFiles/hda.dir/home/asus/pico-sdk/src/common/pico_sync/lock_core.c.o
 .debug_aranges
                0x000002f0       0x98 CMakeFiles/hda.dir/home/asus/pico-sdk/src/common/pico_sync/mutex.c.o
 .debug_aranges
                0x00000388       0xe0 CMakeFiles/hda.dir/home/asus/pico-sdk/src/common/pico_time/time.c.o
 .debug_aranges
                0x00000468       0xf0 CMakeFiles/hda.dir/home/asus/pico-sdk/src/rp2_common/hardware_timer/timer.c.o
 .debug_aranges
                0x00000558       0x90 CMakeFiles/hda.dir/home/asus/pico-sdk/src/rp2_common/hardware_clocks/clocks.c.o
 .debug_aranges
                0x000005e8       0x28 CMakeFiles/hda.dir/home/asus/pico-sdk/src/rp2_common/hardware_pll/pll.c.o
 .debug_aranges
                0x00000610       0x30 CMakeFiles/hda.dir/home/asus/pico-sdk/src/rp2_common/hardware_ticks/ticks.c.o
 .debug_aranges
                0x00000640       0x40 CMakeFiles/hda.dir/home/asus/pico-sdk/src/rp2_common/pico_bootrom/bootrom.c.o
 .debug_aranges
                0x00000680       0x30 CMakeFiles/hda.dir/home/asus/pico-sdk/src/rp2_common/hardware_xosc/xosc.c.o
 .debug_aranges
                0x000006b0       0x38 CMakeFiles/hda.dir/home/asus/pico-sdk/src/rp2_common/pico_runtime/runtime.c.o
 .debug_aranges
                0x000006e8       0x48 CMakeFiles/hda.dir/home/asus/pico-sdk/src/rp2_common/pico_runtime_init/runtime_init.c.o
 .debug_aranges
                0x00000730       0x20 CMakeFiles/hda.dir/home/asus/pico-sdk/src/rp2_common/pico_runtime_init/runtime_init_clocks.c.o
 .debug_aranges
                0x00000750       0x60 CMakeFiles/hda.dir/home/asus/pico-sdk/src/rp2_common/pico_bit_ops/bit_ops_aeabi.S.o
 .debug_aranges
                0x000007b0       0x40 CMakeFiles/hda.dir/home/asus/pico-sdk/src/rp2_common/pico_divider/divider_hardware.S.o
 .debug_aranges
                0x000007f0      0x150 CMakeFiles/hda.dir/home/asus/pico-sdk/src/rp2_common/pico_double/double_aeabi_rp2040.S.o
 .debug_aranges
                0x00000940       0x20 CMakeFiles/hda.dir/home/asus/pico-sdk/src/rp2_common/pico_double/double_init_rom_rp2040.c.o
 .debug_aranges
                0x00000960       0xc8 CMakeFiles/hda.dir/home/asus/pico-sdk/src/rp2_common/pico_double/double_v1_rom_shim_rp2040.S.o
 .debug_aranges
                0x00000a28      0x138 CMakeFiles/hda.dir/home/asus/pico-sdk/src/rp2_common/pico_float/float_aeabi_rp2040.S.o
 .debug_aranges
                0x00000b60       0x20 CMakeFiles/hda.dir/home/asus/pico-sdk/src/rp2_common/pico_float/float_init_rom_rp2040.c.o
 .debug_aranges
                0x00000b80       0x50 CMakeFiles/hda.dir/home/asus/pico-sdk/src/rp2_common/pico_float/float_v1_rom_shim_rp2040.S.o
 .debug_aranges
                0x00000bd0       0x38 CMakeFiles/hda.dir/home/asus/pico-sdk/src/rp2_common/pico_mem_ops/mem_ops_aeabi.S.o
 .debug_aranges
                0x00000c08       0x18 CMakeFiles/hda.dir/home/asus/pico-sdk/src/rp2_common/pico_standard_binary_info/standard_binary_info.c.o
 .debug_aranges
                0x00000c20       0x90 CMakeFiles/hda.dir/home/asus/pico-sdk/src/rp2_common/pico_printf/printf.c.o
 .debug_aranges
                0x00000cb0       0x28 CMakeFiles/hda.dir/home/asus/pico-sdk/src/rp2_common/pico_crt0/crt0.S.o
 .debug_aranges
                0x00000cd8       0xa8 CMakeFiles/hda.dir/home/asus/pico-sdk/src/rp2_common/pico_clib_interface/newlib_interface.c.o
 .debug_aranges
                0x00000d80       0xc8 CMakeFiles/hda.dir/home/asus/pico-sdk/src/rp2_common/pico_stdio/stdio.c.o
 .debug_aranges
                0x00000e48       0xd8 CMakeFiles/hda.dir/home/asus/pico-sdk/src/rp2_common/hardware_pio/pio.c.o
 .debug_aranges
                0x00000f20       0x20 /usr/lib/gcc/arm-none-eabi/13.2.1/thumb/v6-m/nofp/libgcc.a(_dvmd_tls.o)
 .debug_aranges
                0x00000f40       0x20 /usr/lib/gcc/arm-none-eabi/13.2.1/../../../arm-none-eabi/lib/thumb/v6-m/nofp/libg.a(libc_a-atexit.o)
 .debug_aranges
                0x00000f60       0x20 /usr/lib/gcc/arm-none-eabi/13.2.1/../../../arm-none-eabi/lib/thumb/v6-m/nofp/libg.a(libc_a-strlen-stub.o)
 .debug_aranges
                0x00000f80       0x20 /usr/lib/gcc/arm-none-eabi/13.2.1/../../../arm-none-eabi/lib/thumb/v6-m/nofp/libg.a(libc_a-fini.o)
 .debug_aranges
                0x00000fa0       0x20 /usr/lib/gcc/arm-none-eabi/13.2.1/../../../arm-none-eabi/lib/thumb/v6-m/nofp/libg.a(libc_a-__atexit.o)
 .debug_aranges
                0x00000fc0       0x28 /usr/lib/gcc/arm-none-eabi/13.2.1/../../../arm-none-eabi/lib/thumb/v6-m/nofp/libg.a(libc_a-__call_atexit.o)

.debug_rnglists
                0x00000000     0x2f0d
 .debug_rnglists
                0x00000000       0xf5 CMakeFiles/hda.dir/main.c.o
 .debug_rnglists
                0x000000f5      0x5c1 CMakeFiles/hda.dir/home/asus/pico-sdk/src/rp2_common/hardware_gpio/gpio.c.o
 .debug_rnglists
                0x000006b6       0x19 CMakeFiles/hda.dir/home/asus/pico-sdk/src/rp2_common/pico_platform_panic/panic.c.o
 .debug_rnglists
                0x000006cf       0xc5 CMakeFiles/hda.dir/home/asus/pico-sdk/src/common/hardware_claim/claim.c.o
 .debug_rnglists
                0x00000794       0x67 CMakeFiles/hda.dir/home/asus/pico-sdk/src/rp2_common/hardware_sync/sync.c.o
 .debug_rnglists
                0x000007fb       0x3d CMakeFiles/hda.dir/home/asus/pico-sdk/src/rp2_common/hardware_sync_spin_lock/sync_spin_lock.c.o
 .debug_rnglists
                0x00000838      0x376 CMakeFiles/hda.dir/home/asus/pico-sdk/src/rp2_common/hardware_irq/irq.c.o
 .debug_rnglists
                0x00000bae       0x1f CMakeFiles/hda.dir/home/asus/pico-sdk/src/common/pico_sync/lock_core.c.o
 .debug_rnglists
                0x00000bcd      0x32c CMakeFiles/hda.dir/home/asus/pico-sdk/src/common/pico_sync/mutex.c.o
 .debug_rnglists
                0x00000ef9      0x72a CMakeFiles/hda.dir/home/asus/pico-sdk/src/common/pico_time/time.c.o
 .debug_rnglists
                0x00001623      0x2c6 CMakeFiles/hda.dir/home/asus/pico-sdk/src/rp2_common/hardware_timer/timer.c.o
 .debug_rnglists
                0x000018e9      0x53e CMakeFiles/hda.dir/home/asus/pico-sdk/src/rp2_common/hardware_clocks/clocks.c.o
 .debug_rnglists
                0x00001e27       0x5c CMakeFiles/hda.dir/home/asus/pico-sdk/src/rp2_common/hardware_pll/pll.c.o
 .debug_rnglists
                0x00001e83       0x2b CMakeFiles/hda.dir/home/asus/pico-sdk/src/rp2_common/hardware_ticks/ticks.c.o
 .debug_rnglists
                0x00001eae      0x11b CMakeFiles/hda.dir/home/asus/pico-sdk/src/rp2_common/pico_bootrom/bootrom.c.o
 .debug_rnglists
                0x00001fc9       0x1f CMakeFiles/hda.dir/home/asus/pico-sdk/src/rp2_common/hardware_xosc/xosc.c.o
 .debug_rnglists
                0x00001fe8       0x3d CMakeFiles/hda.dir/home/asus/pico-sdk/src/rp2_common/pico_runtime/runtime.c.o
 .debug_rnglists
                0x00002025       0x4a CMakeFiles/hda.dir/home/asus/pico-sdk/src/rp2_common/pico_runtime_init/runtime_init.c.o
 .debug_rnglists
                0x0000206f       0x20 CMakeFiles/hda.dir/home/asus/pico-sdk/src/rp2_common/pico_runtime_init/runtime_init_clocks.c.o
 .debug_rnglists
                0x0000208f       0x43 CMakeFiles/hda.dir/home/asus/pico-sdk/src/rp2_common/pico_bit_ops/bit_ops_aeabi.S.o
 .debug_rnglists
                0x000020d2       0x2c CMakeFiles/hda.dir/home/asus/pico-sdk/src/rp2_common/pico_divider/divider_hardware.S.o
 .debug_rnglists
                0x000020fe       0xf9 CMakeFiles/hda.dir/home/asus/pico-sdk/src/rp2_common/pico_double/double_aeabi_rp2040.S.o
 .debug_rnglists
                0x000021f7       0x14 CMakeFiles/hda.dir/home/asus/pico-sdk/src/rp2_common/pico_double/double_init_rom_rp2040.c.o
 .debug_rnglists
                0x0000220b       0x99 CMakeFiles/hda.dir/home/asus/pico-sdk/src/rp2_common/pico_double/double_v1_rom_shim_rp2040.S.o
 .debug_rnglists
                0x000022a4       0xe5 CMakeFiles/hda.dir/home/asus/pico-sdk/src/rp2_common/pico_float/float_aeabi_rp2040.S.o
 .debug_rnglists
                0x00002389       0x13 CMakeFiles/hda.dir/home/asus/pico-sdk/src/rp2_common/pico_float/float_init_rom_rp2040.c.o
 .debug_rnglists
                0x0000239c       0x38 CMakeFiles/hda.dir/home/asus/pico-sdk/src/rp2_common/pico_float/float_v1_rom_shim_rp2040.S.o
 .debug_rnglists
                0x000023d4       0x25 CMakeFiles/hda.dir/home/asus/pico-sdk/src/rp2_common/pico_mem_ops/mem_ops_aeabi.S.o
 .debug_rnglists
                0x000023f9      0x27c CMakeFiles/hda.dir/home/asus/pico-sdk/src/rp2_common/pico_printf/printf.c.o
 .debug_rnglists
                0x00002675       0x1b CMakeFiles/hda.dir/home/asus/pico-sdk/src/rp2_common/pico_crt0/crt0.S.o
 .debug_rnglists
                0x00002690       0x85 CMakeFiles/hda.dir/home/asus/pico-sdk/src/rp2_common/pico_clib_interface/newlib_interface.c.o
 .debug_rnglists
                0x00002715      0x297 CMakeFiles/hda.dir/home/asus/pico-sdk/src/rp2_common/pico_stdio/stdio.c.o
 .debug_rnglists
                0x000029ac      0x531 CMakeFiles/hda.dir/home/asus/pico-sdk/src/rp2_common/hardware_pio/pio.c.o
 .debug_rnglists
                0x00002edd       0x30 /usr/lib/gcc/arm-none-eabi/13.2.1/../../../arm-none-eabi/lib/thumb/v6-m/nofp/libg.a(libc_a-__call_atexit.o)

.debug_line     0x00000000    0x160ce
 .debug_line    0x00000000      0x6b7 CMakeFiles/hda.dir/main.c.o
 .debug_line    0x000006b7     0x1b71 CMakeFiles/hda.dir/home/asus/pico-sdk/src/rp2_common/hardware_gpio/gpio.c.o
 .debug_line    0x00002228      0x1d7 CMakeFiles/hda.dir/home/asus/pico-sdk/src/rp2_common/pico_platform_panic/panic.c.o
 .debug_line    0x000023ff      0x844 CMakeFiles/hda.dir/home/asus/pico-sdk/src/common/hardware_claim/claim.c.o
 .debug_line    0x00002c43      0x3fb CMakeFiles/hda.dir/home/asus/pico-sdk/src/rp2_common/hardware_sync/sync.c.o
 .debug_line    0x0000303e      0x2f2 CMakeFiles/hda.dir/home/asus/pico-sdk/src/rp2_common/hardware_sync_spin_lock/sync_spin_lock.c.o
 .debug_line    0x00003330     0x16cd CMakeFiles/hda.dir/home/asus/pico-sdk/src/rp2_common/hardware_irq/irq.c.o
 .debug_line    0x000049fd      0x21d CMakeFiles/hda.dir/home/asus/pico-sdk/src/common/pico_sync/lock_core.c.o
 .debug_line    0x00004c1a     0x1a4a CMakeFiles/hda.dir/home/asus/pico-sdk/src/common/pico_sync/mutex.c.o
 .debug_line    0x00006664     0x2f51 CMakeFiles/hda.dir/home/asus/pico-sdk/src/common/pico_time/time.c.o
 .debug_line    0x000095b5     0x1c5e CMakeFiles/hda.dir/home/asus/pico-sdk/src/rp2_common/hardware_timer/timer.c.o
 .debug_line    0x0000b213     0x1e26 CMakeFiles/hda.dir/home/asus/pico-sdk/src/rp2_common/hardware_clocks/clocks.c.o
 .debug_line    0x0000d039      0x42e CMakeFiles/hda.dir/home/asus/pico-sdk/src/rp2_common/hardware_pll/pll.c.o
 .debug_line    0x0000d467      0x27c CMakeFiles/hda.dir/home/asus/pico-sdk/src/rp2_common/hardware_ticks/ticks.c.o
 .debug_line    0x0000d6e3      0x3e9 CMakeFiles/hda.dir/home/asus/pico-sdk/src/rp2_common/pico_bootrom/bootrom.c.o
 .debug_line    0x0000dacc      0x297 CMakeFiles/hda.dir/home/asus/pico-sdk/src/rp2_common/hardware_xosc/xosc.c.o
 .debug_line    0x0000dd63      0x260 CMakeFiles/hda.dir/home/asus/pico-sdk/src/rp2_common/pico_runtime/runtime.c.o
 .debug_line    0x0000dfc3      0x5ec CMakeFiles/hda.dir/home/asus/pico-sdk/src/rp2_common/pico_runtime_init/runtime_init.c.o
 .debug_line    0x0000e5af      0x468 CMakeFiles/hda.dir/home/asus/pico-sdk/src/rp2_common/pico_runtime_init/runtime_init_clocks.c.o
 .debug_line    0x0000ea17      0x108 CMakeFiles/hda.dir/home/asus/pico-sdk/src/rp2_common/pico_bit_ops/bit_ops_aeabi.S.o
 .debug_line    0x0000eb1f      0x2a9 CMakeFiles/hda.dir/home/asus/pico-sdk/src/rp2_common/pico_divider/divider_hardware.S.o
 .debug_line    0x0000edc8      0x452 CMakeFiles/hda.dir/home/asus/pico-sdk/src/rp2_common/pico_double/double_aeabi_rp2040.S.o
 .debug_line    0x0000f21a      0x3c0 CMakeFiles/hda.dir/home/asus/pico-sdk/src/rp2_common/pico_double/double_init_rom_rp2040.c.o
 .debug_line    0x0000f5da      0x66d CMakeFiles/hda.dir/home/asus/pico-sdk/src/rp2_common/pico_double/double_v1_rom_shim_rp2040.S.o
 .debug_line    0x0000fc47      0x3d2 CMakeFiles/hda.dir/home/asus/pico-sdk/src/rp2_common/pico_float/float_aeabi_rp2040.S.o
 .debug_line    0x00010019      0x2d5 CMakeFiles/hda.dir/home/asus/pico-sdk/src/rp2_common/pico_float/float_init_rom_rp2040.c.o
 .debug_line    0x000102ee      0x195 CMakeFiles/hda.dir/home/asus/pico-sdk/src/rp2_common/pico_float/float_v1_rom_shim_rp2040.S.o
 .debug_line    0x00010483       0x94 CMakeFiles/hda.dir/home/asus/pico-sdk/src/rp2_common/pico_mem_ops/mem_ops_aeabi.S.o
 .debug_line    0x00010517      0x14b CMakeFiles/hda.dir/home/asus/pico-sdk/src/rp2_common/pico_standard_binary_info/standard_binary_info.c.o
 .debug_line    0x00010662     0x1a64 CMakeFiles/hda.dir/home/asus/pico-sdk/src/rp2_common/pico_printf/printf.c.o
 .debug_line    0x000120c6       0xa2 CMakeFiles/hda.dir/home/asus/pico-sdk/src/rp2_common/pico_crt0/crt0.S.o
 .debug_line    0x00012168      0x7b0 CMakeFiles/hda.dir/home/asus/pico-sdk/src/rp2_common/pico_clib_interface/newlib_interface.c.o
 .debug_line    0x00012918     0x131e CMakeFiles/hda.dir/home/asus/pico-sdk/src/rp2_common/pico_stdio/stdio.c.o
 .debug_line    0x00013c36     0x1d2c CMakeFiles/hda.dir/home/asus/pico-sdk/src/rp2_common/hardware_pio/pio.c.o
 .debug_line    0x00015962       0x4a /usr/lib/gcc/arm-none-eabi/13.2.1/thumb/v6-m/nofp/libgcc.a(_dvmd_tls.o)
 .debug_line    0x000159ac       0xc6 /usr/lib/gcc/arm-none-eabi/13.2.1/../../../arm-none-eabi/lib/thumb/v6-m/nofp/libg.a(libc_a-atexit.o)
 .debug_line    0x00015a72      0x1aa /usr/lib/gcc/arm-none-eabi/13.2.1/../../../arm-none-eabi/lib/thumb/v6-m/nofp/libg.a(libc_a-strlen-stub.o)
 .debug_line    0x00015c1c       0xd1 /usr/lib/gcc/arm-none-eabi/13.2.1/../../../arm-none-eabi/lib/thumb/v6-m/nofp/libg.a(libc_a-fini.o)
 .debug_line    0x00015ced      0x163 /usr/lib/gcc/arm-none-eabi/13.2.1/../../../arm-none-eabi/lib/thumb/v6-m/nofp/libg.a(libc_a-__atexit.o)
 .debug_line    0x00015e50      0x27e /usr/lib/gcc/arm-none-eabi/13.2.1/../../../arm-none-eabi/lib/thumb/v6-m/nofp/libg.a(libc_a-__call_atexit.o)

.debug_str      0x00000000     0x4f4e
 .debug_str     0x00000000     0x4f4e CMakeFiles/hda.dir/main.c.o
                                0xbb2 (size before relaxing)
 .debug_str     0x00004f4e      0xc7f CMakeFiles/hda.dir/home/asus/pico-sdk/src/rp2_common/hardware_gpio/gpio.c.o
 .debug_str     0x00004f4e      0x1e3 CMakeFiles/hda.dir/home/asus/pico-sdk/src/rp2_common/pico_platform_panic/panic.c.o
 .debug_str     0x00004f4e      0x351 CMakeFiles/hda.dir/home/asus/pico-sdk/src/common/hardware_claim/claim.c.o
 .debug_str     0x00004f4e      0x2fa CMakeFiles/hda.dir/home/asus/pico-sdk/src/rp2_common/hardware_sync/sync.c.o
 .debug_str     0x00004f4e      0x217 CMakeFiles/hda.dir/home/asus/pico-sdk/src/rp2_common/hardware_sync_spin_lock/sync_spin_lock.c.o
 .debug_str     0x00004f4e      0xa5f CMakeFiles/hda.dir/home/asus/pico-sdk/src/rp2_common/hardware_irq/irq.c.o
 .debug_str     0x00004f4e      0x1e3 CMakeFiles/hda.dir/home/asus/pico-sdk/src/common/pico_sync/lock_core.c.o
 .debug_str     0x00004f4e      0x78a CMakeFiles/hda.dir/home/asus/pico-sdk/src/common/pico_sync/mutex.c.o
 .debug_str     0x00004f4e     0x1177 CMakeFiles/hda.dir/home/asus/pico-sdk/src/common/pico_time/time.c.o
 .debug_str     0x00004f4e      0x9db CMakeFiles/hda.dir/home/asus/pico-sdk/src/rp2_common/hardware_timer/timer.c.o
 .debug_str     0x00004f4e      0x9bd CMakeFiles/hda.dir/home/asus/pico-sdk/src/rp2_common/hardware_clocks/clocks.c.o
 .debug_str     0x00004f4e      0x42a CMakeFiles/hda.dir/home/asus/pico-sdk/src/rp2_common/hardware_pll/pll.c.o
 .debug_str     0x00004f4e      0x259 CMakeFiles/hda.dir/home/asus/pico-sdk/src/rp2_common/hardware_ticks/ticks.c.o
 .debug_str     0x00004f4e      0x313 CMakeFiles/hda.dir/home/asus/pico-sdk/src/rp2_common/pico_bootrom/bootrom.c.o
 .debug_str     0x00004f4e      0x20e CMakeFiles/hda.dir/home/asus/pico-sdk/src/rp2_common/hardware_xosc/xosc.c.o
 .debug_str     0x00004f4e      0x269 CMakeFiles/hda.dir/home/asus/pico-sdk/src/rp2_common/pico_runtime/runtime.c.o
 .debug_str     0x00004f4e      0x791 CMakeFiles/hda.dir/home/asus/pico-sdk/src/rp2_common/pico_runtime_init/runtime_init.c.o
 .debug_str     0x00004f4e      0x466 CMakeFiles/hda.dir/home/asus/pico-sdk/src/rp2_common/pico_runtime_init/runtime_init_clocks.c.o
 .debug_str     0x00004f4e       0x76 CMakeFiles/hda.dir/home/asus/pico-sdk/src/rp2_common/pico_bit_ops/bit_ops_aeabi.S.o
 .debug_str     0x00004f4e       0x79 CMakeFiles/hda.dir/home/asus/pico-sdk/src/rp2_common/pico_divider/divider_hardware.S.o
 .debug_str     0x00004f4e       0x7b CMakeFiles/hda.dir/home/asus/pico-sdk/src/rp2_common/pico_double/double_aeabi_rp2040.S.o
 .debug_str     0x00004f4e      0x284 CMakeFiles/hda.dir/home/asus/pico-sdk/src/rp2_common/pico_double/double_init_rom_rp2040.c.o
 .debug_str     0x00004f4e       0x81 CMakeFiles/hda.dir/home/asus/pico-sdk/src/rp2_common/pico_double/double_v1_rom_shim_rp2040.S.o
 .debug_str     0x00004f4e       0x79 CMakeFiles/hda.dir/home/asus/pico-sdk/src/rp2_common/pico_float/float_aeabi_rp2040.S.o
 .debug_str     0x00004f4e      0x269 CMakeFiles/hda.dir/home/asus/pico-sdk/src/rp2_common/pico_float/float_init_rom_rp2040.c.o
 .debug_str     0x00004f4e       0x7f CMakeFiles/hda.dir/home/asus/pico-sdk/src/rp2_common/pico_float/float_v1_rom_shim_rp2040.S.o
 .debug_str     0x00004f4e       0x76 CMakeFiles/hda.dir/home/asus/pico-sdk/src/rp2_common/pico_mem_ops/mem_ops_aeabi.S.o
 .debug_str     0x00004f4e      0x3b9 CMakeFiles/hda.dir/home/asus/pico-sdk/src/rp2_common/pico_standard_binary_info/standard_binary_info.c.o
 .debug_str     0x00004f4e      0x4a1 CMakeFiles/hda.dir/home/asus/pico-sdk/src/rp2_common/pico_printf/printf.c.o
 .debug_str     0x00004f4e       0x6a CMakeFiles/hda.dir/home/asus/pico-sdk/src/rp2_common/pico_crt0/crt0.S.o
 .debug_str     0x00004f4e      0x75e CMakeFiles/hda.dir/home/asus/pico-sdk/src/rp2_common/pico_clib_interface/newlib_interface.c.o
 .debug_str     0x00004f4e      0xd69 CMakeFiles/hda.dir/home/asus/pico-sdk/src/rp2_common/pico_stdio/stdio.c.o
 .debug_str     0x00004f4e     0x107f CMakeFiles/hda.dir/home/asus/pico-sdk/src/rp2_common/hardware_pio/pio.c.o
 .debug_str     0x00004f4e       0xbf /usr/lib/gcc/arm-none-eabi/13.2.1/thumb/v6-m/nofp/libgcc.a(_dvmd_tls.o)
 .debug_str     0x00004f4e      0x1ca /usr/lib/gcc/arm-none-eabi/13.2.1/../../../arm-none-eabi/lib/thumb/v6-m/nofp/libg.a(libc_a-atexit.o)
 .debug_str     0x00004f4e      0x1aa /usr/lib/gcc/arm-none-eabi/13.2.1/../../../arm-none-eabi/lib/thumb/v6-m/nofp/libg.a(libc_a-strlen-stub.o)
 .debug_str     0x00004f4e      0x1c4 /usr/lib/gcc/arm-none-eabi/13.2.1/../../../arm-none-eabi/lib/thumb/v6-m/nofp/libg.a(libc_a-fini.o)
 .debug_str     0x00004f4e      0x235 /usr/lib/gcc/arm-none-eabi/13.2.1/../../../arm-none-eabi/lib/thumb/v6-m/nofp/libg.a(libc_a-__atexit.o)
 .debug_str     0x00004f4e      0x257 /usr/lib/gcc/arm-none-eabi/13.2.1/../../../arm-none-eabi/lib/thumb/v6-m/nofp/libg.a(libc_a-__call_atexit.o)

.debug_frame    0x00000000     0x1d9c
 .debug_frame   0x00000000       0x38 CMakeFiles/hda.dir/main.c.o
 .debug_frame   0x00000038      0x320 CMakeFiles/hda.dir/home/asus/pico-sdk/src/rp2_common/hardware_gpio/gpio.c.o
 .debug_frame   0x00000358       0x44 CMakeFiles/hda.dir/home/asus/pico-sdk/src/rp2_common/pico_platform_panic/panic.c.o
 .debug_frame   0x0000039c       0xa0 CMakeFiles/hda.dir/home/asus/pico-sdk/src/common/hardware_claim/claim.c.o
 .debug_frame   0x0000043c       0xa8 CMakeFiles/hda.dir/home/asus/pico-sdk/src/rp2_common/hardware_sync/sync.c.o
 .debug_frame   0x000004e4       0x30 CMakeFiles/hda.dir/home/asus/pico-sdk/src/rp2_common/hardware_sync_spin_lock/sync_spin_lock.c.o
 .debug_frame   0x00000514      0x1cc CMakeFiles/hda.dir/home/asus/pico-sdk/src/rp2_common/hardware_irq/irq.c.o
 .debug_frame   0x000006e0       0x20 CMakeFiles/hda.dir/home/asus/pico-sdk/src/common/pico_sync/lock_core.c.o
 .debug_frame   0x00000700      0x1e0 CMakeFiles/hda.dir/home/asus/pico-sdk/src/common/pico_sync/mutex.c.o
 .debug_frame   0x000008e0      0x2d4 CMakeFiles/hda.dir/home/asus/pico-sdk/src/common/pico_time/time.c.o
 .debug_frame   0x00000bb4      0x2c0 CMakeFiles/hda.dir/home/asus/pico-sdk/src/rp2_common/hardware_timer/timer.c.o
 .debug_frame   0x00000e74      0x1f4 CMakeFiles/hda.dir/home/asus/pico-sdk/src/rp2_common/hardware_clocks/clocks.c.o
 .debug_frame   0x00001068       0x40 CMakeFiles/hda.dir/home/asus/pico-sdk/src/rp2_common/hardware_pll/pll.c.o
 .debug_frame   0x000010a8       0x40 CMakeFiles/hda.dir/home/asus/pico-sdk/src/rp2_common/hardware_ticks/ticks.c.o
 .debug_frame   0x000010e8       0xa0 CMakeFiles/hda.dir/home/asus/pico-sdk/src/rp2_common/pico_bootrom/bootrom.c.o
 .debug_frame   0x00001188       0x40 CMakeFiles/hda.dir/home/asus/pico-sdk/src/rp2_common/hardware_xosc/xosc.c.o
 .debug_frame   0x000011c8       0x70 CMakeFiles/hda.dir/home/asus/pico-sdk/src/rp2_common/pico_runtime/runtime.c.o
 .debug_frame   0x00001238       0x88 CMakeFiles/hda.dir/home/asus/pico-sdk/src/rp2_common/pico_runtime_init/runtime_init.c.o
 .debug_frame   0x000012c0       0x2c CMakeFiles/hda.dir/home/asus/pico-sdk/src/rp2_common/pico_runtime_init/runtime_init_clocks.c.o
 .debug_frame   0x000012ec       0x2c CMakeFiles/hda.dir/home/asus/pico-sdk/src/rp2_common/pico_double/double_init_rom_rp2040.c.o
 .debug_frame   0x00001318       0x28 CMakeFiles/hda.dir/home/asus/pico-sdk/src/rp2_common/pico_float/float_init_rom_rp2040.c.o
 .debug_frame   0x00001340      0x1ec CMakeFiles/hda.dir/home/asus/pico-sdk/src/rp2_common/pico_printf/printf.c.o
 .debug_frame   0x0000152c      0x184 CMakeFiles/hda.dir/home/asus/pico-sdk/src/rp2_common/pico_clib_interface/newlib_interface.c.o
 .debug_frame   0x000016b0      0x2a8 CMakeFiles/hda.dir/home/asus/pico-sdk/src/rp2_common/pico_stdio/stdio.c.o
 .debug_frame   0x00001958      0x340 CMakeFiles/hda.dir/home/asus/pico-sdk/src/rp2_common/hardware_pio/pio.c.o
 .debug_frame   0x00001c98       0x28 /usr/lib/gcc/arm-none-eabi/13.2.1/../../../arm-none-eabi/lib/thumb/v6-m/nofp/libg.a(libc_a-atexit.o)
 .debug_frame   0x00001cc0       0x28 /usr/lib/gcc/arm-none-eabi/13.2.1/../../../arm-none-eabi/lib/thumb/v6-m/nofp/libg.a(libc_a-strlen-stub.o)
 .debug_frame   0x00001ce8       0x2c /usr/lib/gcc/arm-none-eabi/13.2.1/../../../arm-none-eabi/lib/thumb/v6-m/nofp/libg.a(libc_a-fini.o)
 .debug_frame   0x00001d14       0x34 /usr/lib/gcc/arm-none-eabi/13.2.1/../../../arm-none-eabi/lib/thumb/v6-m/nofp/libg.a(libc_a-__atexit.o)
 .debug_frame   0x00001d48       0x54 /usr/lib/gcc/arm-none-eabi/13.2.1/../../../arm-none-eabi/lib/thumb/v6-m/nofp/libg.a(libc_a-__call_atexit.o)

.debug_line_str
                0x00000000      0x277
 .debug_line_str
                0x00000000      0x277 CMakeFiles/hda.dir/home/asus/pico-sdk/src/rp2_common/pico_bit_ops/bit_ops_aeabi.S.o
                                 0x6a (size before relaxing)
 .debug_line_str
                0x00000277       0x6d CMakeFiles/hda.dir/home/asus/pico-sdk/src/rp2_common/pico_divider/divider_hardware.S.o
 .debug_line_str
                0x00000277       0x6f CMakeFiles/hda.dir/home/asus/pico-sdk/src/rp2_common/pico_double/double_aeabi_rp2040.S.o
 .debug_line_str
                0x00000277       0x75 CMakeFiles/hda.dir/home/asus/pico-sdk/src/rp2_common/pico_double/double_v1_rom_shim_rp2040.S.o
 .debug_line_str
                0x00000277       0x6d CMakeFiles/hda.dir/home/asus/pico-sdk/src/rp2_common/pico_float/float_aeabi_rp2040.S.o
 .debug_line_str
                0x00000277       0x73 CMakeFiles/hda.dir/home/asus/pico-sdk/src/rp2_common/pico_float/float_v1_rom_shim_rp2040.S.o
 .debug_line_str
                0x00000277       0x6a CMakeFiles/hda.dir/home/asus/pico-sdk/src/rp2_common/pico_mem_ops/mem_ops_aeabi.S.o
 .debug_line_str
                0x00000277       0x5e CMakeFiles/hda.dir/home/asus/pico-sdk/src/rp2_common/pico_crt0/crt0.S.o
 .debug_line_str
                0x00000277       0x97 /usr/lib/gcc/arm-none-eabi/13.2.1/thumb/v6-m/nofp/libgcc.a(_dvmd_tls.o)